Archive member included to satisfy reference by file (symbol)

d:/st/stm32cubeide_1.0.1/stm32cubeide/plugins/com.st.stm32cube.ide.mcu.externaltools.gnu-tools-for-stm32.7-2018-q2-update.win32_1.0.0.201904181610/tools/bin/../lib/gcc/arm-none-eabi/7.3.1/../../../../arm-none-eabi/lib/thumb/v7e-m/fpv4-sp/hard\libc_nano.a(lib_a-errno.o)
                              Src/syscalls.o (__errno)
d:/st/stm32cubeide_1.0.1/stm32cubeide/plugins/com.st.stm32cube.ide.mcu.externaltools.gnu-tools-for-stm32.7-2018-q2-update.win32_1.0.0.201904181610/tools/bin/../lib/gcc/arm-none-eabi/7.3.1/../../../../arm-none-eabi/lib/thumb/v7e-m/fpv4-sp/hard\libc_nano.a(lib_a-exit.o)
                              d:/st/stm32cubeide_1.0.1/stm32cubeide/plugins/com.st.stm32cube.ide.mcu.externaltools.gnu-tools-for-stm32.7-2018-q2-update.win32_1.0.0.201904181610/tools/bin/../lib/gcc/arm-none-eabi/7.3.1/../../../../arm-none-eabi/lib/thumb/v7e-m/fpv4-sp/hard/crt0.o (exit)
d:/st/stm32cubeide_1.0.1/stm32cubeide/plugins/com.st.stm32cube.ide.mcu.externaltools.gnu-tools-for-stm32.7-2018-q2-update.win32_1.0.0.201904181610/tools/bin/../lib/gcc/arm-none-eabi/7.3.1/../../../../arm-none-eabi/lib/thumb/v7e-m/fpv4-sp/hard\libc_nano.a(lib_a-impure.o)
                              d:/st/stm32cubeide_1.0.1/stm32cubeide/plugins/com.st.stm32cube.ide.mcu.externaltools.gnu-tools-for-stm32.7-2018-q2-update.win32_1.0.0.201904181610/tools/bin/../lib/gcc/arm-none-eabi/7.3.1/../../../../arm-none-eabi/lib/thumb/v7e-m/fpv4-sp/hard\libc_nano.a(lib_a-exit.o) (_global_impure_ptr)
d:/st/stm32cubeide_1.0.1/stm32cubeide/plugins/com.st.stm32cube.ide.mcu.externaltools.gnu-tools-for-stm32.7-2018-q2-update.win32_1.0.0.201904181610/tools/bin/../lib/gcc/arm-none-eabi/7.3.1/../../../../arm-none-eabi/lib/thumb/v7e-m/fpv4-sp/hard\libc_nano.a(lib_a-init.o)
                              d:/st/stm32cubeide_1.0.1/stm32cubeide/plugins/com.st.stm32cube.ide.mcu.externaltools.gnu-tools-for-stm32.7-2018-q2-update.win32_1.0.0.201904181610/tools/bin/../lib/gcc/arm-none-eabi/7.3.1/../../../../arm-none-eabi/lib/thumb/v7e-m/fpv4-sp/hard/crt0.o (__libc_init_array)
d:/st/stm32cubeide_1.0.1/stm32cubeide/plugins/com.st.stm32cube.ide.mcu.externaltools.gnu-tools-for-stm32.7-2018-q2-update.win32_1.0.0.201904181610/tools/bin/../lib/gcc/arm-none-eabi/7.3.1/../../../../arm-none-eabi/lib/thumb/v7e-m/fpv4-sp/hard\libc_nano.a(lib_a-malloc.o)
                              Middlewares/ST/STM32_USB_Host_Library/Class/CDC/Src/usbh_cdc.o (malloc)
d:/st/stm32cubeide_1.0.1/stm32cubeide/plugins/com.st.stm32cube.ide.mcu.externaltools.gnu-tools-for-stm32.7-2018-q2-update.win32_1.0.0.201904181610/tools/bin/../lib/gcc/arm-none-eabi/7.3.1/../../../../arm-none-eabi/lib/thumb/v7e-m/fpv4-sp/hard\libc_nano.a(lib_a-memcpy-stub.o)
                              Middlewares/Third_Party/FreeRTOS/Source/queue.o (memcpy)
d:/st/stm32cubeide_1.0.1/stm32cubeide/plugins/com.st.stm32cube.ide.mcu.externaltools.gnu-tools-for-stm32.7-2018-q2-update.win32_1.0.0.201904181610/tools/bin/../lib/gcc/arm-none-eabi/7.3.1/../../../../arm-none-eabi/lib/thumb/v7e-m/fpv4-sp/hard\libc_nano.a(lib_a-memset.o)
                              d:/st/stm32cubeide_1.0.1/stm32cubeide/plugins/com.st.stm32cube.ide.mcu.externaltools.gnu-tools-for-stm32.7-2018-q2-update.win32_1.0.0.201904181610/tools/bin/../lib/gcc/arm-none-eabi/7.3.1/../../../../arm-none-eabi/lib/thumb/v7e-m/fpv4-sp/hard/crt0.o (memset)
d:/st/stm32cubeide_1.0.1/stm32cubeide/plugins/com.st.stm32cube.ide.mcu.externaltools.gnu-tools-for-stm32.7-2018-q2-update.win32_1.0.0.201904181610/tools/bin/../lib/gcc/arm-none-eabi/7.3.1/../../../../arm-none-eabi/lib/thumb/v7e-m/fpv4-sp/hard\libc_nano.a(lib_a-nano-freer.o)
                              d:/st/stm32cubeide_1.0.1/stm32cubeide/plugins/com.st.stm32cube.ide.mcu.externaltools.gnu-tools-for-stm32.7-2018-q2-update.win32_1.0.0.201904181610/tools/bin/../lib/gcc/arm-none-eabi/7.3.1/../../../../arm-none-eabi/lib/thumb/v7e-m/fpv4-sp/hard\libc_nano.a(lib_a-malloc.o) (_free_r)
d:/st/stm32cubeide_1.0.1/stm32cubeide/plugins/com.st.stm32cube.ide.mcu.externaltools.gnu-tools-for-stm32.7-2018-q2-update.win32_1.0.0.201904181610/tools/bin/../lib/gcc/arm-none-eabi/7.3.1/../../../../arm-none-eabi/lib/thumb/v7e-m/fpv4-sp/hard\libc_nano.a(lib_a-nano-mallocr.o)
                              d:/st/stm32cubeide_1.0.1/stm32cubeide/plugins/com.st.stm32cube.ide.mcu.externaltools.gnu-tools-for-stm32.7-2018-q2-update.win32_1.0.0.201904181610/tools/bin/../lib/gcc/arm-none-eabi/7.3.1/../../../../arm-none-eabi/lib/thumb/v7e-m/fpv4-sp/hard\libc_nano.a(lib_a-malloc.o) (_malloc_r)
d:/st/stm32cubeide_1.0.1/stm32cubeide/plugins/com.st.stm32cube.ide.mcu.externaltools.gnu-tools-for-stm32.7-2018-q2-update.win32_1.0.0.201904181610/tools/bin/../lib/gcc/arm-none-eabi/7.3.1/../../../../arm-none-eabi/lib/thumb/v7e-m/fpv4-sp/hard\libc_nano.a(lib_a-sbrkr.o)
[...]
Memory Configuration

Name             Origin             Length             Attributes
FLASH            0x0000000008000000 0x0000000000200000 xr
CCMRAM           0x0000000010000000 0x0000000000010000 xrw
RAM              0x0000000020000000 0x0000000000030000 xrw
*default*        0x0000000000000000 0xffffffffffffffff

Linker script and memory map

LOAD d:/st/stm32cubeide_1.0.1/stm32cubeide/plugins/com.st.stm32cube.ide.mcu.externaltools.gnu-tools-for-stm32.7-2018-q2-update.win32_1.0.0.201904181610/tools/bin/../lib/gcc/arm-none-eabi/7.3.1/thumb/v7e-m/fpv4-sp/hard/crti.o
LOAD d:/st/stm32cubeide_1.0.1/stm32cubeide/plugins/com.st.stm32cube.ide.mcu.externaltools.gnu-tools-for-stm32.7-2018-q2-update.win32_1.0.0.201904181610/tools/bin/../lib/gcc/arm-none-eabi/7.3.1/thumb/v7e-m/fpv4-sp/hard/crtbegin.o
LOAD d:/st/stm32cubeide_1.0.1/stm32cubeide/plugins/com.st.stm32cube.ide.mcu.externaltools.gnu-tools-for-stm32.7-2018-q2-update.win32_1.0.0.201904181610/tools/bin/../lib/gcc/arm-none-eabi/7.3.1/../../../../arm-none-eabi/lib/thumb/v7e-m/fpv4-sp/hard/crt0.o
LOAD Drivers/STM32F4xx_HAL_Driver/Src/stm32f4xx_hal.o
LOAD Drivers/STM32F4xx_HAL_Driver/Src/stm32f4xx_hal_cortex.o
LOAD Drivers/STM32F4xx_HAL_Driver/Src/stm32f4xx_hal_crc.o
LOAD Drivers/STM32F4xx_HAL_Driver/Src/stm32f4xx_hal_dma.o
LOAD Drivers/STM32F4xx_HAL_Driver/Src/stm32f4xx_hal_dma2d.o
LOAD Drivers/STM32F4xx_HAL_Driver/Src/stm32f4xx_hal_dma_ex.o
LOAD Drivers/STM32F4xx_HAL_Driver/Src/stm32f4xx_hal_dsi.o
LOAD Drivers/STM32F4xx_HAL_Driver/Src/stm32f4xx_hal_exti.o
LOAD Drivers/STM32F4xx_HAL_Driver/Src/stm32f4xx_hal_flash.o
LOAD Drivers/STM32F4xx_HAL_Driver/Src/stm32f4xx_hal_flash_ex.o
LOAD Drivers/STM32F4xx_HAL_Driver/Src/stm32f4xx_hal_flash_ramfunc.o
LOAD Drivers/STM32F4xx_HAL_Driver/Src/stm32f4xx_hal_gpio.o
LOAD Drivers/STM32F4xx_HAL_Driver/Src/stm32f4xx_hal_hcd.o
LOAD Drivers/STM32F4xx_HAL_Driver/Src/stm32f4xx_hal_i2c.o
LOAD Drivers/STM32F4xx_HAL_Driver/Src/stm32f4xx_hal_i2c_ex.o
LOAD Drivers/STM32F4xx_HAL_Driver/Src/stm32f4xx_hal_ltdc.o
LOAD Drivers/STM32F4xx_HAL_Driver/Src/stm32f4xx_hal_ltdc_ex.o
LOAD Drivers/STM32F4xx_HAL_Driver/Src/stm32f4xx_hal_pwr.o
LOAD Drivers/STM32F4xx_HAL_Driver/Src/stm32f4xx_hal_pwr_ex.o
LOAD Drivers/STM32F4xx_HAL_Driver/Src/stm32f4xx_hal_rcc.o
LOAD Drivers/STM32F4xx_HAL_Driver/Src/stm32f4xx_hal_rcc_ex.o
LOAD Drivers/STM32F4xx_HAL_Driver/Src/stm32f4xx_hal_sdram.o
LOAD Drivers/STM32F4xx_HAL_Driver/Src/stm32f4xx_hal_spi.o
LOAD Drivers/STM32F4xx_HAL_Driver/Src/stm32f4xx_hal_tim.o
LOAD Drivers/STM32F4xx_HAL_Driver/Src/stm32f4xx_hal_tim_ex.o
LOAD Drivers/STM32F4xx_HAL_Driver/Src/stm32f4xx_hal_uart.o
LOAD Drivers/STM32F4xx_HAL_Driver/Src/stm32f4xx_ll_fmc.o
LOAD Drivers/STM32F4xx_HAL_Driver/Src/stm32f4xx_ll_usb.o
LOAD Middlewares/ST/STM32_USB_Host_Library/Class/CDC/Src/usbh_cdc.o
LOAD Middlewares/ST/STM32_USB_Host_Library/Core/Src/usbh_core.o
LOAD Middlewares/ST/STM32_USB_Host_Library/Core/Src/usbh_ctlreq.o
LOAD Middlewares/ST/STM32_USB_Host_Library/Core/Src/usbh_ioreq.o
LOAD Middlewares/ST/STM32_USB_Host_Library/Core/Src/usbh_pipes.o
LOAD Middlewares/Third_Party/FreeRTOS/Source/CMSIS_RTOS/cmsis_os.o
LOAD Middlewares/Third_Party/FreeRTOS/Source/croutine.o
LOAD Middlewares/Third_Party/FreeRTOS/Source/event_groups.o
LOAD Middlewares/Third_Party/FreeRTOS/Source/list.o
LOAD Middlewares/Third_Party/FreeRTOS/Source/queue.o
LOAD Middlewares/Third_Party/FreeRTOS/Source/stream_buffer.o
LOAD Middlewares/Third_Party/FreeRTOS/Source/tasks.o
LOAD Middlewares/Third_Party/FreeRTOS/Source/timers.o
LOAD Middlewares/Third_Party/FreeRTOS/Source/portable/GCC/ARM_CM4F/port.o
LOAD Middlewares/Third_Party/FreeRTOS/Source/portable/MemMang/heap_4.o
LOAD Src/crc.o
LOAD Src/dma2d.o
LOAD Src/fmc.o
LOAD Src/freertos.o
LOAD Src/gpio.o
LOAD Src/i2c.o
LOAD Src/ltdc.o
LOAD Src/main.o
LOAD Src/spi.o
LOAD Src/stm32f4xx_hal_msp.o
LOAD Src/stm32f4xx_hal_timebase_tim.o
LOAD Src/stm32f4xx_it.o
LOAD Src/syscalls.o
LOAD Src/sysmem.o
LOAD Src/system_stm32f4xx.o
LOAD Src/tim.o
LOAD Src/usart.o
LOAD Src/usb_host.o
LOAD Src/usbh_conf.o
LOAD Src/usbh_platform.o
LOAD Startup/startup_stm32f429zitx.o
START GROUP
LOAD d:/st/stm32cubeide_1.0.1/stm32cubeide/plugins/com.st.stm32cube.ide.mcu.externaltools.gnu-tools-for-stm32.7-2018-q2-update.win32_1.0.0.201904181610/tools/bin/../lib/gcc/arm-none-eabi/7.3.1/../../../../arm-none-eabi/lib/thumb/v7e-m/fpv4-sp/hard\libstdc++_nano.a
LOAD d:/st/stm32cubeide_1.0.1/stm32cubeide/plugins/com.st.stm32cube.ide.mcu.externaltools.gnu-tools-for-stm32.7-2018-q2-update.win32_1.0.0.201904181610/tools/bin/../lib/gcc/arm-none-eabi/7.3.1/../../../../arm-none-eabi/lib/thumb/v7e-m/fpv4-sp/hard\libsupc++_nano.a
END GROUP
LOAD d:/st/stm32cubeide_1.0.1/stm32cubeide/plugins/com.st.stm32cube.ide.mcu.externaltools.gnu-tools-for-stm32.7-2018-q2-update.win32_1.0.0.201904181610/tools/bin/../lib/gcc/arm-none-eabi/7.3.1/../../../../arm-none-eabi/lib/thumb/v7e-m/fpv4-sp/hard\libstdc++_nano.a
LOAD d:/st/stm32cubeide_1.0.1/stm32cubeide/plugins/com.st.stm32cube.ide.mcu.externaltools.gnu-tools-for-stm32.7-2018-q2-update.win32_1.0.0.201904181610/tools/bin/../lib/gcc/arm-none-eabi/7.3.1/../../../../arm-none-eabi/lib/thumb/v7e-m/fpv4-sp/hard\libm.a
LOAD d:/st/stm32cubeide_1.0.1/stm32cubeide/plugins/com.st.stm32cube.ide.mcu.externaltools.gnu-tools-for-stm32.7-2018-q2-update.win32_1.0.0.201904181610/tools/bin/../lib/gcc/arm-none-eabi/7.3.1/../../../../arm-none-eabi/lib/thumb/v7e-m/fpv4-sp/hard\libc_nano.a
START GROUP
LOAD d:/st/stm32cubeide_1.0.1/stm32cubeide/plugins/com.st.stm32cube.ide.mcu.externaltools.gnu-tools-for-stm32.7-2018-q2-update.win32_1.0.0.201904181610/tools/bin/../lib/gcc/arm-none-eabi/7.3.1/thumb/v7e-m/fpv4-sp/hard\libgcc.a
LOAD d:/st/stm32cubeide_1.0.1/stm32cubeide/plugins/com.st.stm32cube.ide.mcu.externaltools.gnu-tools-for-stm32.7-2018-q2-update.win32_1.0.0.201904181610/tools/bin/../lib/gcc/arm-none-eabi/7.3.1/../../../../arm-none-eabi/lib/thumb/v7e-m/fpv4-sp/hard\libc_nano.a
END GROUP
START GROUP
LOAD d:/st/stm32cubeide_1.0.1/stm32cubeide/plugins/com.st.stm32cube.ide.mcu.externaltools.gnu-tools-for-stm32.7-2018-q2-update.win32_1.0.0.201904181610/tools/bin/../lib/gcc/arm-none-eabi/7.3.1/thumb/v7e-m/fpv4-sp/hard\libgcc.a
LOAD d:/st/stm32cubeide_1.0.1/stm32cubeide/plugins/com.st.stm32cube.ide.mcu.externaltools.gnu-tools-for-stm32.7-2018-q2-update.win32_1.0.0.201904181610/tools/bin/../lib/gcc/arm-none-eabi/7.3.1/../../../../arm-none-eabi/lib/thumb/v7e-m/fpv4-sp/hard\libc_nano.a
LOAD d:/st/stm32cubeide_1.0.1/stm32cubeide/plugins/com.st.stm32cube.ide.mcu.externaltools.gnu-tools-for-stm32.7-2018-q2-update.win32_1.0.0.201904181610/tools/bin/../lib/gcc/arm-none-eabi/7.3.1/../../../../arm-none-eabi/lib/thumb/v7e-m/fpv4-sp/hard\libnosys.a
END GROUP
START GROUP
LOAD d:/st/stm32cubeide_1.0.1/stm32cubeide/plugins/com.st.stm32cube.ide.mcu.externaltools.gnu-tools-for-stm32.7-2018-q2-update.win32_1.0.0.201904181610/tools/bin/../lib/gcc/arm-none-eabi/7.3.1/thumb/v7e-m/fpv4-sp/hard\libgcc.a
LOAD d:/st/stm32cubeide_1.0.1/stm32cubeide/plugins/com.st.stm32cube.ide.mcu.externaltools.gnu-tools-for-stm32.7-2018-q2-update.win32_1.0.0.201904181610/tools/bin/../lib/gcc/arm-none-eabi/7.3.1/../../../../arm-none-eabi/lib/thumb/v7e-m/fpv4-sp/hard\libc_nano.a
LOAD d:/st/stm32cubeide_1.0.1/stm32cubeide/plugins/com.st.stm32cube.ide.mcu.externaltools.gnu-tools-for-stm32.7-2018-q2-update.win32_1.0.0.201904181610/tools/bin/../lib/gcc/arm-none-eabi/7.3.1/../../../../arm-none-eabi/lib/thumb/v7e-m/fpv4-sp/hard\libnosys.a
END GROUP
LOAD d:/st/stm32cubeide_1.0.1/stm32cubeide/plugins/com.st.stm32cube.ide.mcu.externaltools.gnu-tools-for-stm32.7-2018-q2-update.win32_1.0.0.201904181610/tools/bin/../lib/gcc/arm-none-eabi/7.3.1/thumb/v7e-m/fpv4-sp/hard/crtend.o
LOAD d:/st/stm32cubeide_1.0.1/stm32cubeide/plugins/com.st.stm32cube.ide.mcu.externaltools.gnu-tools-for-stm32.7-2018-q2-update.win32_1.0.0.201904181610/tools/bin/../lib/gcc/arm-none-eabi/7.3.1/thumb/v7e-m/fpv4-sp/hard/crtn.o
                0x0000000020030000                _estack = 0x20030000
                0x0000000000000200                _Min_Heap_Size = 0x200
                0x0000000000000400                _Min_Stack_Size = 0x400

.isr_vector     0x0000000008000000      0x1ac
                0x0000000008000000                . = ALIGN (0x4)
 *(.isr_vector)
 .isr_vector    0x0000000008000000      0x1ac Startup/startup_stm32f429zitx.o
                0x0000000008000000                g_pfnVectors
                0x00000000080001ac                . = ALIGN (0x4)

.text           0x00000000080001b0     0xb858
                0x00000000080001b0                . = ALIGN (0x4)
 *(.text)
 .text          0x00000000080001b0       0x40 d:/st/stm32cubeide_1.0.1/stm32cubeide/plugins/com.st.stm32cube.ide.mcu.externaltools.gnu-tools-for-stm32.7-2018-q2-update.win32_1.0.0.201904181610/tools/bin/../lib/gcc/arm-none-eabi/7.3.1/thumb/v7e-m/fpv4-sp/hard/crtbegin.o
 .text          0x00000000080001f0       0x30 d:/st/stm32cubeide_1.0.1/stm32cubeide/plugins/com.st.stm32cube.ide.mcu.externaltools.gnu-tools-for-stm32.7-2018-q2-update.win32_1.0.0.201904181610/tools/bin/../lib/gcc/arm-none-eabi/7.3.1/thumb/v7e-m/fpv4-sp/hard\libgcc.a(_aeabi_uldivmod.o)
                0x00000000080001f0                __aeabi_uldivmod
 .text          0x0000000008000220      0x2cc d:/st/stm32cubeide_1.0.1/stm32cubeide/plugins/com.st.stm32cube.ide.mcu.externaltools.gnu-tools-for-stm32.7-2018-q2-update.win32_1.0.0.201904181610/tools/bin/../lib/gcc/arm-none-eabi/7.3.1/thumb/v7e-m/fpv4-sp/hard\libgcc.a(_udivmoddi4.o)
                0x0000000008000220                __udivmoddi4
 .text          0x00000000080004ec        0x4 d:/st/stm32cubeide_1.0.1/stm32cubeide/plugins/com.st.stm32cube.ide.mcu.externaltools.gnu-tools-for-stm32.7-2018-q2-update.win32_1.0.0.201904181610/tools/bin/../lib/gcc/arm-none-eabi/7.3.1/thumb/v7e-m/fpv4-sp/hard\libgcc.a(_dvmd_tls.o)
                0x00000000080004ec                __aeabi_idiv0
                0x00000000080004ec                __aeabi_ldiv0
 *(.text*)
 .text.HAL_Init
                0x00000000080004f0       0x44 Drivers/STM32F4xx_HAL_Driver/Src/stm32f4xx_hal.o
                0x00000000080004f0                HAL_Init
 .text.HAL_IncTick
                0x0000000008000534       0x28 Drivers/STM32F4xx_HAL_Driver/Src/stm32f4xx_hal.o
                0x0000000008000534                HAL_IncTick
 .text.HAL_GetTick
                0x000000000800055c       0x18 Drivers/STM32F4xx_HAL_Driver/Src/stm32f4xx_hal.o
                0x000000000800055c                HAL_GetTick
 .text.HAL_Delay
                0x0000000008000574       0x44 Drivers/STM32F4xx_HAL_Driver/Src/stm32f4xx_hal.o
                0x0000000008000574                HAL_Delay
 .text.__NVIC_SetPriorityGrouping
                0x00000000080005b8       0x48 Drivers/STM32F4xx_HAL_Driver/Src/stm32f4xx_hal_cortex.o
 .text.__NVIC_GetPriorityGrouping
                0x0000000008000600       0x1c Drivers/STM32F4xx_HAL_Driver/Src/stm32f4xx_hal_cortex.o
 .text.__NVIC_EnableIRQ
                0x000000000800061c       0x3c Drivers/STM32F4xx_HAL_Driver/Src/stm32f4xx_hal_cortex.o
 .text.__NVIC_SetPriority
                0x0000000008000658       0x54 Drivers/STM32F4xx_HAL_Driver/Src/stm32f4xx_hal_cortex.o
 .text.NVIC_EncodePriority
                0x00000000080006ac       0x66 Drivers/STM32F4xx_HAL_Driver/Src/stm32f4xx_hal_cortex.o
 .text.HAL_NVIC_SetPriorityGrouping
                0x0000000008000712       0x16 Drivers/STM32F4xx_HAL_Driver/Src/stm32f4xx_hal_cortex.o
                0x0000000008000712                HAL_NVIC_SetPriorityGrouping
 .text.HAL_NVIC_SetPriority
                0x0000000008000728       0x38 Drivers/STM32F4xx_HAL_Driver/Src/stm32f4xx_hal_cortex.o
                0x0000000008000728                HAL_NVIC_SetPriority
 .text.HAL_NVIC_EnableIRQ
                0x0000000008000760       0x1c Drivers/STM32F4xx_HAL_Driver/Src/stm32f4xx_hal_cortex.o
                0x0000000008000760                HAL_NVIC_EnableIRQ
 .text.HAL_CRC_Init
                0x000000000800077c       0x3e Drivers/STM32F4xx_HAL_Driver/Src/stm32f4xx_hal_crc.o
                0x000000000800077c                HAL_CRC_Init
 .text.HAL_DMA2D_Init
                0x00000000080007ba       0x92 Drivers/STM32F4xx_HAL_Driver/Src/stm32f4xx_hal_dma2d.o
                0x00000000080007ba                HAL_DMA2D_Init
 .text.HAL_DMA2D_IRQHandler
                0x000000000800084c      0x1f8 Drivers/STM32F4xx_HAL_Driver/Src/stm32f4xx_hal_dma2d.o
                0x000000000800084c                HAL_DMA2D_IRQHandler
 .text.HAL_DMA2D_LineEventCallback
                0x0000000008000a44       0x14 Drivers/STM32F4xx_HAL_Driver/Src/stm32f4xx_hal_dma2d.o
                0x0000000008000a44                HAL_DMA2D_LineEventCallback
 .text.HAL_DMA2D_CLUTLoadingCpltCallback
                0x0000000008000a58       0x14 Drivers/STM32F4xx_HAL_Driver/Src/stm32f4xx_hal_dma2d.o
                0x0000000008000a58                HAL_DMA2D_CLUTLoadingCpltCallback
 .text.HAL_DMA2D_ConfigLayer
                0x0000000008000a6c      0x124 Drivers/STM32F4xx_HAL_Driver/Src/stm32f4xx_hal_dma2d.o
                0x0000000008000a6c                HAL_DMA2D_ConfigLayer
 .text.HAL_GPIO_Init
                0x0000000008000b90      0x354 Drivers/STM32F4xx_HAL_Driver/Src/stm32f4xx_hal_gpio.o
                0x0000000008000b90                HAL_GPIO_Init
 .text.HAL_GPIO_WritePin
                0x0000000008000ee4       0x32 Drivers/STM32F4xx_HAL_Driver/Src/stm32f4xx_hal_gpio.o
                0x0000000008000ee4                HAL_GPIO_WritePin
 .text.HAL_GPIO_TogglePin
                0x0000000008000f16       0x36 Drivers/STM32F4xx_HAL_Driver/Src/stm32f4xx_hal_gpio.o
                0x0000000008000f16                HAL_GPIO_TogglePin
 .text.HAL_HCD_Init
                0x0000000008000f4c       0xc4 Drivers/STM32F4xx_HAL_Driver/Src/stm32f4xx_hal_hcd.o
                0x0000000008000f4c                HAL_HCD_Init
 .text.HAL_HCD_HC_Init
                0x0000000008001010      0x130 Drivers/STM32F4xx_HAL_Driver/Src/stm32f4xx_hal_hcd.o
                0x0000000008001010                HAL_HCD_HC_Init
 .text.HAL_HCD_HC_Halt
                0x0000000008001140       0x46 Drivers/STM32F4xx_HAL_Driver/Src/stm32f4xx_hal_hcd.o
                0x0000000008001140                HAL_HCD_HC_Halt
 *fill*         0x0000000008001186        0x2 
 .text.HAL_HCD_HC_SubmitRequest
                0x0000000008001188      0x2d0 Drivers/STM32F4xx_HAL_Driver/Src/stm32f4xx_hal_hcd.o
                0x0000000008001188                HAL_HCD_HC_SubmitRequest
 .text.HAL_HCD_IRQHandler
                0x0000000008001458      0x20c Drivers/STM32F4xx_HAL_Driver/Src/stm32f4xx_hal_hcd.o
                0x0000000008001458                HAL_HCD_IRQHandler
 .text.HAL_HCD_Start
                0x0000000008001664       0x46 Drivers/STM32F4xx_HAL_Driver/Src/stm32f4xx_hal_hcd.o
                0x0000000008001664                HAL_HCD_Start
 .text.HAL_HCD_Stop
                0x00000000080016aa       0x3a Drivers/STM32F4xx_HAL_Driver/Src/stm32f4xx_hal_hcd.o
                0x00000000080016aa                HAL_HCD_Stop
 .text.HAL_HCD_ResetPort
                0x00000000080016e4       0x1c Drivers/STM32F4xx_HAL_Driver/Src/stm32f4xx_hal_hcd.o
                0x00000000080016e4                HAL_HCD_ResetPort
 .text.HAL_HCD_HC_GetURBState
                0x0000000008001700       0x2a Drivers/STM32F4xx_HAL_Driver/Src/stm32f4xx_hal_hcd.o
                0x0000000008001700                HAL_HCD_HC_GetURBState
 .text.HAL_HCD_HC_GetXferCount
                0x000000000800172a       0x2a Drivers/STM32F4xx_HAL_Driver/Src/stm32f4xx_hal_hcd.o
                0x000000000800172a                HAL_HCD_HC_GetXferCount
 .text.HAL_HCD_GetCurrentFrame
                0x0000000008001754       0x1c Drivers/STM32F4xx_HAL_Driver/Src/stm32f4xx_hal_hcd.o
                0x0000000008001754                HAL_HCD_GetCurrentFrame
 .text.HAL_HCD_GetCurrentSpeed
                0x0000000008001770       0x1c Drivers/STM32F4xx_HAL_Driver/Src/stm32f4xx_hal_hcd.o
                0x0000000008001770                HAL_HCD_GetCurrentSpeed
 .text.HCD_HC_IN_IRQHandler
                0x000000000800178c      0x72e Drivers/STM32F4xx_HAL_Driver/Src/stm32f4xx_hal_hcd.o
 .text.HCD_HC_OUT_IRQHandler
                0x0000000008001eba      0x6ea Drivers/STM32F4xx_HAL_Driver/Src/stm32f4xx_hal_hcd.o
 .text.HCD_RXQLVL_IRQHandler
                0x00000000080025a4      0x158 Drivers/STM32F4xx_HAL_Driver/Src/stm32f4xx_hal_hcd.o
 .text.HCD_Port_IRQHandler
                0x00000000080026fc      0x120 Drivers/STM32F4xx_HAL_Driver/Src/stm32f4xx_hal_hcd.o
 .text.HAL_I2C_Init
                0x000000000800281c      0x250 Drivers/STM32F4xx_HAL_Driver/Src/stm32f4xx_hal_i2c.o
                0x000000000800281c                HAL_I2C_Init
 .text.HAL_I2CEx_ConfigAnalogFilter
                0x0000000008002a6c       0x78 Drivers/STM32F4xx_HAL_Driver/Src/stm32f4xx_hal_i2c_ex.o
                0x0000000008002a6c                HAL_I2CEx_ConfigAnalogFilter
 .text.HAL_I2CEx_ConfigDigitalFilter
                0x0000000008002ae4       0x7e Drivers/STM32F4xx_HAL_Driver/Src/stm32f4xx_hal_i2c_ex.o
                0x0000000008002ae4                HAL_I2CEx_ConfigDigitalFilter
 *fill*         0x0000000008002b62        0x2 
 .text.HAL_LTDC_Init
                0x0000000008002b64      0x1a0 Drivers/STM32F4xx_HAL_Driver/Src/stm32f4xx_hal_ltdc.o
                0x0000000008002b64                HAL_LTDC_Init
 .text.HAL_LTDC_IRQHandler
                0x0000000008002d04      0x148 Drivers/STM32F4xx_HAL_Driver/Src/stm32f4xx_hal_ltdc.o
                0x0000000008002d04                HAL_LTDC_IRQHandler
 .text.HAL_LTDC_ErrorCallback
                0x0000000008002e4c       0x14 Drivers/STM32F4xx_HAL_Driver/Src/stm32f4xx_hal_ltdc.o
                0x0000000008002e4c                HAL_LTDC_ErrorCallback
 .text.HAL_LTDC_LineEventCallback
                0x0000000008002e60       0x14 Drivers/STM32F4xx_HAL_Driver/Src/stm32f4xx_hal_ltdc.o
                0x0000000008002e60                HAL_LTDC_LineEventCallback
 .text.HAL_LTDC_ReloadEventCallback
                0x0000000008002e74       0x14 Drivers/STM32F4xx_HAL_Driver/Src/stm32f4xx_hal_ltdc.o
                0x0000000008002e74                HAL_LTDC_ReloadEventCallback
 .text.HAL_LTDC_ConfigLayer
                0x0000000008002e88       0x7c Drivers/STM32F4xx_HAL_Driver/Src/stm32f4xx_hal_ltdc.o
                0x0000000008002e88                HAL_LTDC_ConfigLayer
 .text.LTDC_SetConfig
                0x0000000008002f04      0x32e Drivers/STM32F4xx_HAL_Driver/Src/stm32f4xx_hal_ltdc.o
 *fill*         0x0000000008003232        0x2 
 .text.HAL_RCC_OscConfig
                0x0000000008003234      0x484 Drivers/STM32F4xx_HAL_Driver/Src/stm32f4xx_hal_rcc.o
                0x0000000008003234                HAL_RCC_OscConfig
 .text.HAL_RCC_ClockConfig
                0x00000000080036b8      0x1c4 Drivers/STM32F4xx_HAL_Driver/Src/stm32f4xx_hal_rcc.o
                0x00000000080036b8                HAL_RCC_ClockConfig
 .text.HAL_RCC_GetSysClockFreq
                0x000000000800387c      0x1b0 Drivers/STM32F4xx_HAL_Driver/Src/stm32f4xx_hal_rcc.o
                0x000000000800387c                HAL_RCC_GetSysClockFreq
 .text.HAL_RCC_GetHCLKFreq
                0x0000000008003a2c       0x18 Drivers/STM32F4xx_HAL_Driver/Src/stm32f4xx_hal_rcc.o
                0x0000000008003a2c                HAL_RCC_GetHCLKFreq
 .text.HAL_RCC_GetPCLK1Freq
                0x0000000008003a44       0x28 Drivers/STM32F4xx_HAL_Driver/Src/stm32f4xx_hal_rcc.o
                0x0000000008003a44                HAL_RCC_GetPCLK1Freq
 .text.HAL_RCC_GetPCLK2Freq
                0x0000000008003a6c       0x28 Drivers/STM32F4xx_HAL_Driver/Src/stm32f4xx_hal_rcc.o
                0x0000000008003a6c                HAL_RCC_GetPCLK2Freq
 .text.HAL_RCC_GetClockConfig
                0x0000000008003a94       0x64 Drivers/STM32F4xx_HAL_Driver/Src/stm32f4xx_hal_rcc.o
                0x0000000008003a94                HAL_RCC_GetClockConfig
 .text.HAL_RCCEx_PeriphCLKConfig
                0x0000000008003af8      0x348 Drivers/STM32F4xx_HAL_Driver/Src/stm32f4xx_hal_rcc_ex.o
                0x0000000008003af8                HAL_RCCEx_PeriphCLKConfig
 .text.HAL_SDRAM_Init
                0x0000000008003e40       0x68 Drivers/STM32F4xx_HAL_Driver/Src/stm32f4xx_hal_sdram.o
                0x0000000008003e40                HAL_SDRAM_Init
 .text.HAL_SPI_Init
                0x0000000008003ea8       0xc8 Drivers/STM32F4xx_HAL_Driver/Src/stm32f4xx_hal_spi.o
                0x0000000008003ea8                HAL_SPI_Init
 .text.HAL_TIM_Base_Init
                0x0000000008003f70       0x56 Drivers/STM32F4xx_HAL_Driver/Src/stm32f4xx_hal_tim.o
                0x0000000008003f70                HAL_TIM_Base_Init
 .text.HAL_TIM_Base_Start_IT
                0x0000000008003fc6       0x48 Drivers/STM32F4xx_HAL_Driver/Src/stm32f4xx_hal_tim.o
                0x0000000008003fc6                HAL_TIM_Base_Start_IT
 .text.HAL_TIM_IRQHandler
                0x000000000800400e      0x210 Drivers/STM32F4xx_HAL_Driver/Src/stm32f4xx_hal_tim.o
                0x000000000800400e                HAL_TIM_IRQHandler
 .text.HAL_TIM_ConfigClockSource
                0x000000000800421e      0x16e Drivers/STM32F4xx_HAL_Driver/Src/stm32f4xx_hal_tim.o
                0x000000000800421e                HAL_TIM_ConfigClockSource
 .text.HAL_TIM_OC_DelayElapsedCallback
                0x000000000800438c       0x14 Drivers/STM32F4xx_HAL_Driver/Src/stm32f4xx_hal_tim.o
                0x000000000800438c                HAL_TIM_OC_DelayElapsedCallback
 .text.HAL_TIM_IC_CaptureCallback
                0x00000000080043a0       0x14 Drivers/STM32F4xx_HAL_Driver/Src/stm32f4xx_hal_tim.o
                0x00000000080043a0                HAL_TIM_IC_CaptureCallback
 .text.HAL_TIM_PWM_PulseFinishedCallback
                0x00000000080043b4       0x14 Drivers/STM32F4xx_HAL_Driver/Src/stm32f4xx_hal_tim.o
                0x00000000080043b4                HAL_TIM_PWM_PulseFinishedCallback
 .text.HAL_TIM_TriggerCallback
                0x00000000080043c8       0x14 Drivers/STM32F4xx_HAL_Driver/Src/stm32f4xx_hal_tim.o
                0x00000000080043c8                HAL_TIM_TriggerCallback
 .text.TIM_Base_SetConfig
                0x00000000080043dc      0x140 Drivers/STM32F4xx_HAL_Driver/Src/stm32f4xx_hal_tim.o
                0x00000000080043dc                TIM_Base_SetConfig
 .text.TIM_TI1_ConfigInputStage
                0x000000000800451c       0x5e Drivers/STM32F4xx_HAL_Driver/Src/stm32f4xx_hal_tim.o
 .text.TIM_TI2_ConfigInputStage
                0x000000000800457a       0x60 Drivers/STM32F4xx_HAL_Driver/Src/stm32f4xx_hal_tim.o
 .text.TIM_ITRx_SetConfig
                0x00000000080045da       0x36 Drivers/STM32F4xx_HAL_Driver/Src/stm32f4xx_hal_tim.o
 .text.TIM_ETR_SetConfig
                0x0000000008004610       0x40 Drivers/STM32F4xx_HAL_Driver/Src/stm32f4xx_hal_tim.o
                0x0000000008004610                TIM_ETR_SetConfig
 .text.HAL_TIMEx_MasterConfigSynchronization
                0x0000000008004650       0x8a Drivers/STM32F4xx_HAL_Driver/Src/stm32f4xx_hal_tim_ex.o
                0x0000000008004650                HAL_TIMEx_MasterConfigSynchronization
 .text.HAL_TIMEx_CommutCallback
                0x00000000080046da       0x14 Drivers/STM32F4xx_HAL_Driver/Src/stm32f4xx_hal_tim_ex.o
                0x00000000080046da                HAL_TIMEx_CommutCallback
 .text.HAL_TIMEx_BreakCallback
                0x00000000080046ee       0x14 Drivers/STM32F4xx_HAL_Driver/Src/stm32f4xx_hal_tim_ex.o
                0x00000000080046ee                HAL_TIMEx_BreakCallback
 .text.HAL_UART_Init
                0x0000000008004702       0x9a Drivers/STM32F4xx_HAL_Driver/Src/stm32f4xx_hal_uart.o
                0x0000000008004702                HAL_UART_Init
 .text.UART_SetConfig
                0x000000000800479c      0x414 Drivers/STM32F4xx_HAL_Driver/Src/stm32f4xx_hal_uart.o
 .text.FMC_SDRAM_Init
                0x0000000008004bb0       0xe6 Drivers/STM32F4xx_HAL_Driver/Src/stm32f4xx_ll_fmc.o
                0x0000000008004bb0                FMC_SDRAM_Init
 .text.FMC_SDRAM_Timing_Init
                0x0000000008004c96       0xfe Drivers/STM32F4xx_HAL_Driver/Src/stm32f4xx_ll_fmc.o
                0x0000000008004c96                FMC_SDRAM_Timing_Init
 .text.USB_CoreInit
                0x0000000008004d94       0xc2 Drivers/STM32F4xx_HAL_Driver/Src/stm32f4xx_ll_usb.o
                0x0000000008004d94                USB_CoreInit
 .text.USB_EnableGlobalInt
                0x0000000008004e56       0x22 Drivers/STM32F4xx_HAL_Driver/Src/stm32f4xx_ll_usb.o
                0x0000000008004e56                USB_EnableGlobalInt
 .text.USB_DisableGlobalInt
                0x0000000008004e78       0x22 Drivers/STM32F4xx_HAL_Driver/Src/stm32f4xx_ll_usb.o
                0x0000000008004e78                USB_DisableGlobalInt
 .text.USB_SetCurrentMode
                0x0000000008004e9a       0x54 Drivers/STM32F4xx_HAL_Driver/Src/stm32f4xx_ll_usb.o
                0x0000000008004e9a                USB_SetCurrentMode
 *fill*         0x0000000008004eee        0x2 
 .text.USB_FlushTxFifo
                0x0000000008004ef0       0x4c Drivers/STM32F4xx_HAL_Driver/Src/stm32f4xx_ll_usb.o
                0x0000000008004ef0                USB_FlushTxFifo
 .text.USB_FlushRxFifo
                0x0000000008004f3c       0x44 Drivers/STM32F4xx_HAL_Driver/Src/stm32f4xx_ll_usb.o
                0x0000000008004f3c                USB_FlushRxFifo
 .text.USB_WritePacket
                0x0000000008004f80       0x6a Drivers/STM32F4xx_HAL_Driver/Src/stm32f4xx_ll_usb.o
                0x0000000008004f80                USB_WritePacket
 .text.USB_ReadPacket
                0x0000000008004fea       0x52 Drivers/STM32F4xx_HAL_Driver/Src/stm32f4xx_ll_usb.o
                0x0000000008004fea                USB_ReadPacket
 .text.USB_ReadInterrupts
                0x000000000800503c       0x26 Drivers/STM32F4xx_HAL_Driver/Src/stm32f4xx_ll_usb.o
                0x000000000800503c                USB_ReadInterrupts
 .text.USB_GetMode
                0x0000000008005062       0x1c Drivers/STM32F4xx_HAL_Driver/Src/stm32f4xx_ll_usb.o
                0x0000000008005062                USB_GetMode
 *fill*         0x000000000800507e        0x2 
 .text.USB_CoreReset
                0x0000000008005080       0x68 Drivers/STM32F4xx_HAL_Driver/Src/stm32f4xx_ll_usb.o
 .text.USB_HostInit
                0x00000000080050e8      0x178 Drivers/STM32F4xx_HAL_Driver/Src/stm32f4xx_ll_usb.o
                0x00000000080050e8                USB_HostInit
 .text.USB_InitFSLSPClkSel
                0x0000000008005260       0x74 Drivers/STM32F4xx_HAL_Driver/Src/stm32f4xx_ll_usb.o
                0x0000000008005260                USB_InitFSLSPClkSel
 .text.USB_ResetPort
                0x00000000080052d4       0x54 Drivers/STM32F4xx_HAL_Driver/Src/stm32f4xx_ll_usb.o
                0x00000000080052d4                USB_ResetPort
 .text.USB_DriveVbus
                0x0000000008005328       0x72 Drivers/STM32F4xx_HAL_Driver/Src/stm32f4xx_ll_usb.o
                0x0000000008005328                USB_DriveVbus
 .text.USB_GetHostSpeed
                0x000000000800539a       0x2e Drivers/STM32F4xx_HAL_Driver/Src/stm32f4xx_ll_usb.o
                0x000000000800539a                USB_GetHostSpeed
 .text.USB_GetCurrentFrame
                0x00000000080053c8       0x22 Drivers/STM32F4xx_HAL_Driver/Src/stm32f4xx_ll_usb.o
                0x00000000080053c8                USB_GetCurrentFrame
 *fill*         0x00000000080053ea        0x2 
 .text.USB_HC_Init
                0x00000000080053ec      0x214 Drivers/STM32F4xx_HAL_Driver/Src/stm32f4xx_ll_usb.o
                0x00000000080053ec                USB_HC_Init
 .text.USB_HC_StartXfer
                0x0000000008005600      0x288 Drivers/STM32F4xx_HAL_Driver/Src/stm32f4xx_ll_usb.o
                0x0000000008005600                USB_HC_StartXfer
 .text.USB_HC_ReadInterrupt
                0x0000000008005888       0x22 Drivers/STM32F4xx_HAL_Driver/Src/stm32f4xx_ll_usb.o
                0x0000000008005888                USB_HC_ReadInterrupt
 .text.USB_HC_Halt
                0x00000000080058aa      0x1fe Drivers/STM32F4xx_HAL_Driver/Src/stm32f4xx_ll_usb.o
                0x00000000080058aa                USB_HC_Halt
 .text.USB_DoPing
                0x0000000008005aa8       0x78 Drivers/STM32F4xx_HAL_Driver/Src/stm32f4xx_ll_usb.o
                0x0000000008005aa8                USB_DoPing
 .text.USB_StopHost
                0x0000000008005b20      0x10c Drivers/STM32F4xx_HAL_Driver/Src/stm32f4xx_ll_usb.o
                0x0000000008005b20                USB_StopHost
 .text.USBH_CDC_InterfaceInit
                0x0000000008005c2c      0x282 Middlewares/ST/STM32_USB_Host_Library/Class/CDC/Src/usbh_cdc.o
 .text.USBH_CDC_InterfaceDeInit
                0x0000000008005eae       0xb2 Middlewares/ST/STM32_USB_Host_Library/Class/CDC/Src/usbh_cdc.o
 .text.USBH_CDC_ClassRequest
                0x0000000008005f60       0x42 Middlewares/ST/STM32_USB_Host_Library/Class/CDC/Src/usbh_cdc.o
 *fill*         0x0000000008005fa2        0x2 
 .text.USBH_CDC_Process
                0x0000000008005fa4      0x12c Middlewares/ST/STM32_USB_Host_Library/Class/CDC/Src/usbh_cdc.o
 .text.USBH_CDC_SOFProcess
                0x00000000080060d0       0x16 Middlewares/ST/STM32_USB_Host_Library/Class/CDC/Src/usbh_cdc.o
 .text.GetLineCoding
                0x00000000080060e6       0x3e Middlewares/ST/STM32_USB_Host_Library/Class/CDC/Src/usbh_cdc.o
 .text.SetLineCoding
                0x0000000008006124       0x3e Middlewares/ST/STM32_USB_Host_Library/Class/CDC/Src/usbh_cdc.o
 .text.CDC_ProcessTransmission
                0x0000000008006162      0x128 Middlewares/ST/STM32_USB_Host_Library/Class/CDC/Src/usbh_cdc.o
 .text.CDC_ProcessReception
                0x000000000800628a       0xd2 Middlewares/ST/STM32_USB_Host_Library/Class/CDC/Src/usbh_cdc.o
 .text.USBH_CDC_TransmitCallback
                0x000000000800635c       0x14 Middlewares/ST/STM32_USB_Host_Library/Class/CDC/Src/usbh_cdc.o
                0x000000000800635c                USBH_CDC_TransmitCallback
 .text.USBH_CDC_ReceiveCallback
                0x0000000008006370       0x14 Middlewares/ST/STM32_USB_Host_Library/Class/CDC/Src/usbh_cdc.o
                0x0000000008006370                USBH_CDC_ReceiveCallback
 .text.USBH_CDC_LineCodingChanged
                0x0000000008006384       0x14 Middlewares/ST/STM32_USB_Host_Library/Class/CDC/Src/usbh_cdc.o
                0x0000000008006384                USBH_CDC_LineCodingChanged
 .text.USBH_Init
                0x0000000008006398       0xa4 Middlewares/ST/STM32_USB_Host_Library/Core/Src/usbh_core.o
                0x0000000008006398                USBH_Init
 .text.DeInitStateMachine
                0x000000000800643c       0x92 Middlewares/ST/STM32_USB_Host_Library/Core/Src/usbh_core.o
 .text.USBH_RegisterClass
                0x00000000080064ce       0x56 Middlewares/ST/STM32_USB_Host_Library/Core/Src/usbh_core.o
                0x00000000080064ce                USBH_RegisterClass
 .text.USBH_SelectInterface
                0x0000000008006524       0x38 Middlewares/ST/STM32_USB_Host_Library/Core/Src/usbh_core.o
                0x0000000008006524                USBH_SelectInterface
 .text.USBH_FindInterface
                0x000000000800655c       0x8c Middlewares/ST/STM32_USB_Host_Library/Core/Src/usbh_core.o
                0x000000000800655c                USBH_FindInterface
 .text.USBH_Start
                0x00000000080065e8       0x20 Middlewares/ST/STM32_USB_Host_Library/Core/Src/usbh_core.o
                0x00000000080065e8                USBH_Start
 .text.USBH_Process
                0x0000000008006608      0x3c0 Middlewares/ST/STM32_USB_Host_Library/Core/Src/usbh_core.o
                0x0000000008006608                USBH_Process
 .text.USBH_HandleEnum
                0x00000000080069c8      0x2a8 Middlewares/ST/STM32_USB_Host_Library/Core/Src/usbh_core.o
 .text.USBH_LL_SetTimer
                0x0000000008006c70       0x1e Middlewares/ST/STM32_USB_Host_Library/Core/Src/usbh_core.o
                0x0000000008006c70                USBH_LL_SetTimer
 .text.USBH_LL_IncTimer
                0x0000000008006c8e       0x24 Middlewares/ST/STM32_USB_Host_Library/Core/Src/usbh_core.o
                0x0000000008006c8e                USBH_LL_IncTimer
 .text.USBH_HandleSof
                0x0000000008006cb2       0x30 Middlewares/ST/STM32_USB_Host_Library/Core/Src/usbh_core.o
 .text.USBH_LL_PortEnabled
                0x0000000008006ce2       0x1c Middlewares/ST/STM32_USB_Host_Library/Core/Src/usbh_core.o
                0x0000000008006ce2                USBH_LL_PortEnabled
 .text.USBH_LL_PortDisabled
                0x0000000008006cfe       0x1c Middlewares/ST/STM32_USB_Host_Library/Core/Src/usbh_core.o
                0x0000000008006cfe                USBH_LL_PortDisabled
 .text.USBH_IsPortEnabled
                0x0000000008006d1a       0x1a Middlewares/ST/STM32_USB_Host_Library/Core/Src/usbh_core.o
                0x0000000008006d1a                USBH_IsPortEnabled
 .text.USBH_LL_Connect
                0x0000000008006d34       0x68 Middlewares/ST/STM32_USB_Host_Library/Core/Src/usbh_core.o
                0x0000000008006d34                USBH_LL_Connect
 .text.USBH_LL_Disconnect
                0x0000000008006d9c       0x76 Middlewares/ST/STM32_USB_Host_Library/Core/Src/usbh_core.o
                0x0000000008006d9c                USBH_LL_Disconnect
 .text.USBH_Process_OS
                0x0000000008006e12       0x2a Middlewares/ST/STM32_USB_Host_Library/Core/Src/usbh_core.o
 .text.USBH_LL_NotifyURBChange
                0x0000000008006e3c       0x2e Middlewares/ST/STM32_USB_Host_Library/Core/Src/usbh_core.o
                0x0000000008006e3c                USBH_LL_NotifyURBChange
 .text.USBH_Get_DevDesc
                0x0000000008006e6a       0x50 Middlewares/ST/STM32_USB_Host_Library/Core/Src/usbh_ctlreq.o
                0x0000000008006e6a                USBH_Get_DevDesc
 .text.USBH_Get_CfgDesc
                0x0000000008006eba       0x48 Middlewares/ST/STM32_USB_Host_Library/Core/Src/usbh_ctlreq.o
                0x0000000008006eba                USBH_Get_CfgDesc
 .text.USBH_Get_StringDesc
                0x0000000008006f02       0x56 Middlewares/ST/STM32_USB_Host_Library/Core/Src/usbh_ctlreq.o
                0x0000000008006f02                USBH_Get_StringDesc
 .text.USBH_GetDescriptor
                0x0000000008006f58       0x6a Middlewares/ST/STM32_USB_Host_Library/Core/Src/usbh_ctlreq.o
                0x0000000008006f58                USBH_GetDescriptor
 .text.USBH_SetAddress
                0x0000000008006fc2       0x48 Middlewares/ST/STM32_USB_Host_Library/Core/Src/usbh_ctlreq.o
                0x0000000008006fc2                USBH_SetAddress
 .text.USBH_SetCfg
                0x000000000800700a       0x46 Middlewares/ST/STM32_USB_Host_Library/Core/Src/usbh_ctlreq.o
                0x000000000800700a                USBH_SetCfg
 .text.USBH_SetFeature
                0x0000000008007050       0x48 Middlewares/ST/STM32_USB_Host_Library/Core/Src/usbh_ctlreq.o
                0x0000000008007050                USBH_SetFeature
 .text.USBH_ClrFeature
                0x0000000008007098       0x48 Middlewares/ST/STM32_USB_Host_Library/Core/Src/usbh_ctlreq.o
                0x0000000008007098                USBH_ClrFeature
 .text.USBH_ParseDevDesc
                0x00000000080070e0       0xe0 Middlewares/ST/STM32_USB_Host_Library/Core/Src/usbh_ctlreq.o
 .text.USBH_ParseCfgDesc
                0x00000000080071c0      0x144 Middlewares/ST/STM32_USB_Host_Library/Core/Src/usbh_ctlreq.o
 .text.USBH_ParseInterfaceDesc
                0x0000000008007304       0x5e Middlewares/ST/STM32_USB_Host_Library/Core/Src/usbh_ctlreq.o
 .text.USBH_ParseEPDesc
                0x0000000008007362       0x5a Middlewares/ST/STM32_USB_Host_Library/Core/Src/usbh_ctlreq.o
 .text.USBH_ParseStringDesc
                0x00000000080073bc       0x66 Middlewares/ST/STM32_USB_Host_Library/Core/Src/usbh_ctlreq.o
 .text.USBH_GetNextDesc
                0x0000000008007422       0x36 Middlewares/ST/STM32_USB_Host_Library/Core/Src/usbh_ctlreq.o
                0x0000000008007422                USBH_GetNextDesc
 .text.USBH_CtlReq
                0x0000000008007458       0xb0 Middlewares/ST/STM32_USB_Host_Library/Core/Src/usbh_ctlreq.o
                0x0000000008007458                USBH_CtlReq
 .text.USBH_HandleControl
                0x0000000008007508      0x47c Middlewares/ST/STM32_USB_Host_Library/Core/Src/usbh_ctlreq.o
 .text.USBH_CtlSendSetup
                0x0000000008007984       0x34 Middlewares/ST/STM32_USB_Host_Library/Core/Src/usbh_ioreq.o
                0x0000000008007984                USBH_CtlSendSetup
 .text.USBH_CtlSendData
                0x00000000080079b8       0x4a Middlewares/ST/STM32_USB_Host_Library/Core/Src/usbh_ioreq.o
                0x00000000080079b8                USBH_CtlSendData
 .text.USBH_CtlReceiveData
                0x0000000008007a02       0x3c Middlewares/ST/STM32_USB_Host_Library/Core/Src/usbh_ioreq.o
                0x0000000008007a02                USBH_CtlReceiveData
 .text.USBH_BulkSendData
                0x0000000008007a3e       0x4a Middlewares/ST/STM32_USB_Host_Library/Core/Src/usbh_ioreq.o
                0x0000000008007a3e                USBH_BulkSendData
 .text.USBH_BulkReceiveData
                0x0000000008007a88       0x3c Middlewares/ST/STM32_USB_Host_Library/Core/Src/usbh_ioreq.o
                0x0000000008007a88                USBH_BulkReceiveData
 .text.USBH_OpenPipe
                0x0000000008007ac4       0x3e Middlewares/ST/STM32_USB_Host_Library/Core/Src/usbh_pipes.o
                0x0000000008007ac4                USBH_OpenPipe
 .text.USBH_ClosePipe
                0x0000000008007b02       0x20 Middlewares/ST/STM32_USB_Host_Library/Core/Src/usbh_pipes.o
                0x0000000008007b02                USBH_ClosePipe
 .text.USBH_AllocPipe
                0x0000000008007b22       0x3c Middlewares/ST/STM32_USB_Host_Library/Core/Src/usbh_pipes.o
                0x0000000008007b22                USBH_AllocPipe
 .text.USBH_FreePipe
                0x0000000008007b5e       0x38 Middlewares/ST/STM32_USB_Host_Library/Core/Src/usbh_pipes.o
                0x0000000008007b5e                USBH_FreePipe
 .text.USBH_GetFreePipe
                0x0000000008007b96       0x46 Middlewares/ST/STM32_USB_Host_Library/Core/Src/usbh_pipes.o
 .text.makeFreeRtosPriority
                0x0000000008007bdc       0x30 Middlewares/Third_Party/FreeRTOS/Source/CMSIS_RTOS/cmsis_os.o
 .text.inHandlerMode
                0x0000000008007c0c       0x24 Middlewares/Third_Party/FreeRTOS/Source/CMSIS_RTOS/cmsis_os.o
 .text.osKernelStart
                0x0000000008007c30        0xe Middlewares/Third_Party/FreeRTOS/Source/CMSIS_RTOS/cmsis_os.o
                0x0000000008007c30                osKernelStart
 .text.osThreadCreate
                0x0000000008007c3e       0x98 Middlewares/Third_Party/FreeRTOS/Source/CMSIS_RTOS/cmsis_os.o
                0x0000000008007c3e                osThreadCreate
 .text.osDelay  0x0000000008007cd6       0x28 Middlewares/Third_Party/FreeRTOS/Source/CMSIS_RTOS/cmsis_os.o
                0x0000000008007cd6                osDelay
 .text.osMessageCreate
                0x0000000008007cfe       0x52 Middlewares/Third_Party/FreeRTOS/Source/CMSIS_RTOS/cmsis_os.o
                0x0000000008007cfe                osMessageCreate
 .text.osMessagePut
                0x0000000008007d50       0x80 Middlewares/Third_Party/FreeRTOS/Source/CMSIS_RTOS/cmsis_os.o
                0x0000000008007d50                osMessagePut
 .text.osMessageGet
                0x0000000008007dd0       0xe8 Middlewares/Third_Party/FreeRTOS/Source/CMSIS_RTOS/cmsis_os.o
                0x0000000008007dd0                osMessageGet
 .text.vListInitialise
                0x0000000008007eb8       0x40 Middlewares/Third_Party/FreeRTOS/Source/list.o
                0x0000000008007eb8                vListInitialise
 .text.vListInitialiseItem
                0x0000000008007ef8       0x1a Middlewares/Third_Party/FreeRTOS/Source/list.o
                0x0000000008007ef8                vListInitialiseItem
 .text.vListInsertEnd
                0x0000000008007f12       0x48 Middlewares/Third_Party/FreeRTOS/Source/list.o
                0x0000000008007f12                vListInsertEnd
 .text.vListInsert
                0x0000000008007f5a       0x72 Middlewares/Third_Party/FreeRTOS/Source/list.o
                0x0000000008007f5a                vListInsert
 .text.uxListRemove
                0x0000000008007fcc       0x54 Middlewares/Third_Party/FreeRTOS/Source/list.o
                0x0000000008007fcc                uxListRemove
 .text.xQueueGenericReset
                0x0000000008008020       0xd0 Middlewares/Third_Party/FreeRTOS/Source/queue.o
                0x0000000008008020                xQueueGenericReset
 .text.xQueueGenericCreateStatic
                0x00000000080080f0       0xe4 Middlewares/Third_Party/FreeRTOS/Source/queue.o
                0x00000000080080f0                xQueueGenericCreateStatic
 .text.xQueueGenericCreate
                0x00000000080081d4       0x7a Middlewares/Third_Party/FreeRTOS/Source/queue.o
                0x00000000080081d4                xQueueGenericCreate
 .text.prvInitialiseNewQueue
                0x000000000800824e       0x3e Middlewares/Third_Party/FreeRTOS/Source/queue.o
 .text.xQueueGenericSend
                0x000000000800828c      0x1f4 Middlewares/Third_Party/FreeRTOS/Source/queue.o
                0x000000000800828c                xQueueGenericSend
 .text.xQueueGenericSendFromISR
                0x0000000008008480      0x128 Middlewares/Third_Party/FreeRTOS/Source/queue.o
                0x0000000008008480                xQueueGenericSendFromISR
 .text.xQueueReceive
                0x00000000080085a8      0x1b8 Middlewares/Third_Party/FreeRTOS/Source/queue.o
                0x00000000080085a8                xQueueReceive
 .text.xQueueReceiveFromISR
                0x0000000008008760       0xfa Middlewares/Third_Party/FreeRTOS/Source/queue.o
                0x0000000008008760                xQueueReceiveFromISR
 .text.prvCopyDataToQueue
                0x000000000800885a       0xd4 Middlewares/Third_Party/FreeRTOS/Source/queue.o
 .text.prvCopyDataFromQueue
                0x000000000800892e       0x4c Middlewares/Third_Party/FreeRTOS/Source/queue.o
 .text.prvUnlockQueue
                0x000000000800897a       0xa4 Middlewares/Third_Party/FreeRTOS/Source/queue.o
 .text.prvIsQueueEmpty
                0x0000000008008a1e       0x2c Middlewares/Third_Party/FreeRTOS/Source/queue.o
 .text.prvIsQueueFull
                0x0000000008008a4a       0x30 Middlewares/Third_Party/FreeRTOS/Source/queue.o
 .text.xTaskCreateStatic
                0x0000000008008a7a       0xb2 Middlewares/Third_Party/FreeRTOS/Source/tasks.o
                0x0000000008008a7a                xTaskCreateStatic
 .text.xTaskCreate
                0x0000000008008b2c       0x8a Middlewares/Third_Party/FreeRTOS/Source/tasks.o
                0x0000000008008b2c                xTaskCreate
 .text.prvInitialiseNewTask
                0x0000000008008bb6      0x112 Middlewares/Third_Party/FreeRTOS/Source/tasks.o
 .text.prvAddNewTaskToReadyList
                0x0000000008008cc8       0xd4 Middlewares/Third_Party/FreeRTOS/Source/tasks.o
 .text.vTaskDelay
                0x0000000008008d9c       0x68 Middlewares/Third_Party/FreeRTOS/Source/tasks.o
                0x0000000008008d9c                vTaskDelay
 .text.vTaskStartScheduler
                0x0000000008008e04       0xbc Middlewares/Third_Party/FreeRTOS/Source/tasks.o
                0x0000000008008e04                vTaskStartScheduler
 .text.vTaskSuspendAll
                0x0000000008008ec0       0x1c Middlewares/Third_Party/FreeRTOS/Source/tasks.o
                0x0000000008008ec0                vTaskSuspendAll
 .text.xTaskResumeAll
                0x0000000008008edc      0x138 Middlewares/Third_Party/FreeRTOS/Source/tasks.o
                0x0000000008008edc                xTaskResumeAll
 .text.xTaskIncrementTick
                0x0000000008009014      0x178 Middlewares/Third_Party/FreeRTOS/Source/tasks.o
                0x0000000008009014                xTaskIncrementTick
 .text.vTaskSwitchContext
                0x000000000800918c      0x100 Middlewares/Third_Party/FreeRTOS/Source/tasks.o
                0x000000000800918c                vTaskSwitchContext
 .text.vTaskPlaceOnEventList
                0x000000000800928c       0x48 Middlewares/Third_Party/FreeRTOS/Source/tasks.o
                0x000000000800928c                vTaskPlaceOnEventList
 .text.xTaskRemoveFromEventList
                0x00000000080092d4       0xc4 Middlewares/Third_Party/FreeRTOS/Source/tasks.o
                0x00000000080092d4                xTaskRemoveFromEventList
 .text.vTaskInternalSetTimeOutState
                0x0000000008009398       0x2c Middlewares/Third_Party/FreeRTOS/Source/tasks.o
                0x0000000008009398                vTaskInternalSetTimeOutState
 .text.xTaskCheckForTimeOut
                0x00000000080093c4       0xc0 Middlewares/Third_Party/FreeRTOS/Source/tasks.o
                0x00000000080093c4                xTaskCheckForTimeOut
 .text.vTaskMissedYield
                0x0000000008009484       0x18 Middlewares/Third_Party/FreeRTOS/Source/tasks.o
                0x0000000008009484                vTaskMissedYield
 .text.prvIdleTask
                0x000000000800949c       0x34 Middlewares/Third_Party/FreeRTOS/Source/tasks.o
 .text.prvInitialiseTaskLists
                0x00000000080094d0       0x80 Middlewares/Third_Party/FreeRTOS/Source/tasks.o
 .text.prvCheckTasksWaitingTermination
                0x0000000008009550       0x58 Middlewares/Third_Party/FreeRTOS/Source/tasks.o
 .text.prvDeleteTCB
                0x00000000080095a8       0x5c Middlewares/Third_Party/FreeRTOS/Source/tasks.o
 .text.prvResetNextTaskUnblockTime
                0x0000000008009604       0x4c Middlewares/Third_Party/FreeRTOS/Source/tasks.o
 .text.xTaskGetSchedulerState
                0x0000000008009650       0x3c Middlewares/Third_Party/FreeRTOS/Source/tasks.o
                0x0000000008009650                xTaskGetSchedulerState
 .text.xTaskPriorityDisinherit
                0x000000000800968c      0x108 Middlewares/Third_Party/FreeRTOS/Source/tasks.o
                0x000000000800968c                xTaskPriorityDisinherit
 .text.prvAddCurrentTaskToDelayedList
                0x0000000008009794       0xcc Middlewares/Third_Party/FreeRTOS/Source/tasks.o
 .text.pxPortInitialiseStack
                0x0000000008009860       0x68 Middlewares/Third_Party/FreeRTOS/Source/portable/GCC/ARM_CM4F/port.o
                0x0000000008009860                pxPortInitialiseStack
 .text.prvTaskExitError
                0x00000000080098c8       0x54 Middlewares/Third_Party/FreeRTOS/Source/portable/GCC/ARM_CM4F/port.o
 *fill*         0x000000000800991c        0x4 
 .text.SVC_Handler
                0x0000000008009920       0x28 Middlewares/Third_Party/FreeRTOS/Source/portable/GCC/ARM_CM4F/port.o
                0x0000000008009920                SVC_Handler
 .text.prvPortStartFirstTask
                0x0000000008009948       0x28 Middlewares/Third_Party/FreeRTOS/Source/portable/GCC/ARM_CM4F/port.o
 .text.xPortStartScheduler
                0x0000000008009970      0x13c Middlewares/Third_Party/FreeRTOS/Source/portable/GCC/ARM_CM4F/port.o
                0x0000000008009970                xPortStartScheduler
 .text.vPortEnterCritical
                0x0000000008009aac       0x5c Middlewares/Third_Party/FreeRTOS/Source/portable/GCC/ARM_CM4F/port.o
                0x0000000008009aac                vPortEnterCritical
 .text.vPortExitCritical
                0x0000000008009b08       0x50 Middlewares/Third_Party/FreeRTOS/Source/portable/GCC/ARM_CM4F/port.o
                0x0000000008009b08                vPortExitCritical
 *fill*         0x0000000008009b58        0x8 
 .text.PendSV_Handler
                0x0000000008009b60       0x68 Middlewares/Third_Party/FreeRTOS/Source/portable/GCC/ARM_CM4F/port.o
                0x0000000008009b60                PendSV_Handler
 .text.SysTick_Handler
                0x0000000008009bc8       0x40 Middlewares/Third_Party/FreeRTOS/Source/portable/GCC/ARM_CM4F/port.o
                0x0000000008009bc8                SysTick_Handler
 .text.vPortSetupTimerInterrupt
                0x0000000008009c08       0x48 Middlewares/Third_Party/FreeRTOS/Source/portable/GCC/ARM_CM4F/port.o
                0x0000000008009c08                vPortSetupTimerInterrupt
 .text.vPortEnableVFP
                0x0000000008009c50       0x14 Middlewares/Third_Party/FreeRTOS/Source/portable/GCC/ARM_CM4F/port.o
 .text.vPortValidateInterruptPriority
                0x0000000008009c64       0x7c Middlewares/Third_Party/FreeRTOS/Source/portable/GCC/ARM_CM4F/port.o
                0x0000000008009c64                vPortValidateInterruptPriority
 .text.pvPortMalloc
                0x0000000008009ce0      0x18c Middlewares/Third_Party/FreeRTOS/Source/portable/MemMang/heap_4.o
                0x0000000008009ce0                pvPortMalloc
 .text.vPortFree
                0x0000000008009e6c       0xb0 Middlewares/Third_Party/FreeRTOS/Source/portable/MemMang/heap_4.o
                0x0000000008009e6c                vPortFree
 .text.prvHeapInit
                0x0000000008009f1c       0xc4 Middlewares/Third_Party/FreeRTOS/Source/portable/MemMang/heap_4.o
 .text.prvInsertBlockIntoFreeList
                0x0000000008009fe0       0xb4 Middlewares/Third_Party/FreeRTOS/Source/portable/MemMang/heap_4.o
 .text.MX_CRC_Init
                0x000000000800a094       0x28 Src/crc.o
                0x000000000800a094                MX_CRC_Init
 .text.HAL_CRC_MspInit
                0x000000000800a0bc       0x44 Src/crc.o
                0x000000000800a0bc                HAL_CRC_MspInit
 .text.MX_DMA2D_Init
                0x000000000800a100       0x64 Src/dma2d.o
                0x000000000800a100                MX_DMA2D_Init
 .text.HAL_DMA2D_MspInit
                0x000000000800a164       0x50 Src/dma2d.o
                0x000000000800a164                HAL_DMA2D_MspInit
 .text.MX_FMC_Init
                0x000000000800a1b4       0xa0 Src/fmc.o
                0x000000000800a1b4                MX_FMC_Init
 .text.HAL_FMC_MspInit
                0x000000000800a254      0x124 Src/fmc.o
 .text.HAL_SDRAM_MspInit
                0x000000000800a378       0x14 Src/fmc.o
                0x000000000800a378                HAL_SDRAM_MspInit
 .text.vApplicationIdleHook
                0x000000000800a38c        0xe Src/freertos.o
                0x000000000800a38c                vApplicationIdleHook
 .text.vApplicationStackOverflowHook
                0x000000000800a39a       0x16 Src/freertos.o
                0x000000000800a39a                vApplicationStackOverflowHook
 .text.vApplicationMallocFailedHook
                0x000000000800a3b0        0xe Src/freertos.o
                0x000000000800a3b0                vApplicationMallocFailedHook
 *fill*         0x000000000800a3be        0x2 
 .text.vApplicationGetIdleTaskMemory
                0x000000000800a3c0       0x34 Src/freertos.o
                0x000000000800a3c0                vApplicationGetIdleTaskMemory
 .text.MX_FREERTOS_Init
                0x000000000800a3f4       0x38 Src/freertos.o
                0x000000000800a3f4                MX_FREERTOS_Init
 .text.StartDefaultTask
                0x000000000800a42c       0x14 Src/freertos.o
                0x000000000800a42c                StartDefaultTask
 .text.MX_GPIO_Init
                0x000000000800a440      0x220 Src/gpio.o
                0x000000000800a440                MX_GPIO_Init
 .text.MX_I2C3_Init
                0x000000000800a660       0x80 Src/i2c.o
                0x000000000800a660                MX_I2C3_Init
 .text.HAL_I2C_MspInit
                0x000000000800a6e0       0xd4 Src/i2c.o
                0x000000000800a6e0                HAL_I2C_MspInit
 .text.MX_LTDC_Init
                0x000000000800a7b4      0x100 Src/ltdc.o
                0x000000000800a7b4                MX_LTDC_Init
 .text.HAL_LTDC_MspInit
                0x000000000800a8b4      0x22c Src/ltdc.o
                0x000000000800a8b4                HAL_LTDC_MspInit
 .text.main     0x000000000800aae0       0x48 Src/main.o
                0x000000000800aae0                main
 .text.SystemClock_Config
                0x000000000800ab28      0x108 Src/main.o
                0x000000000800ab28                SystemClock_Config
 .text.HAL_TIM_PeriodElapsedCallback
                0x000000000800ac30       0x24 Src/main.o
                0x000000000800ac30                HAL_TIM_PeriodElapsedCallback
 .text.Error_Handler
                0x000000000800ac54        0xe Src/main.o
                0x000000000800ac54                Error_Handler
 *fill*         0x000000000800ac62        0x2 
 .text.MX_SPI5_Init
                0x000000000800ac64       0x6c Src/spi.o
                0x000000000800ac64                MX_SPI5_Init
 .text.HAL_SPI_MspInit
                0x000000000800acd0       0x90 Src/spi.o
                0x000000000800acd0                HAL_SPI_MspInit
 .text.HAL_MspInit
                0x000000000800ad60       0x58 Src/stm32f4xx_hal_msp.o
                0x000000000800ad60                HAL_MspInit
 .text.HAL_InitTick
                0x000000000800adb8       0xb4 Src/stm32f4xx_hal_timebase_tim.o
                0x000000000800adb8                HAL_InitTick
 .text.NMI_Handler
                0x000000000800ae6c        0xe Src/stm32f4xx_it.o
                0x000000000800ae6c                NMI_Handler
 .text.HardFault_Handler
                0x000000000800ae7a        0x6 Src/stm32f4xx_it.o
                0x000000000800ae7a                HardFault_Handler
 .text.MemManage_Handler
                0x000000000800ae80        0x6 Src/stm32f4xx_it.o
                0x000000000800ae80                MemManage_Handler
 .text.BusFault_Handler
                0x000000000800ae86        0x6 Src/stm32f4xx_it.o
                0x000000000800ae86                BusFault_Handler
 .text.UsageFault_Handler
                0x000000000800ae8c        0x6 Src/stm32f4xx_it.o
                0x000000000800ae8c                UsageFault_Handler
 .text.DebugMon_Handler
                0x000000000800ae92        0xe Src/stm32f4xx_it.o
                0x000000000800ae92                DebugMon_Handler
 .text.TIM6_DAC_IRQHandler
                0x000000000800aea0       0x14 Src/stm32f4xx_it.o
                0x000000000800aea0                TIM6_DAC_IRQHandler
 .text.OTG_HS_IRQHandler
                0x000000000800aeb4       0x14 Src/stm32f4xx_it.o
                0x000000000800aeb4                OTG_HS_IRQHandler
 .text.LTDC_IRQHandler
                0x000000000800aec8       0x14 Src/stm32f4xx_it.o
                0x000000000800aec8                LTDC_IRQHandler
 .text.DMA2D_IRQHandler
                0x000000000800aedc       0x14 Src/stm32f4xx_it.o
                0x000000000800aedc                DMA2D_IRQHandler
 .text._sbrk    0x000000000800aef0       0x58 Src/sysmem.o
                0x000000000800aef0                _sbrk
 .text.SystemInit
                0x000000000800af48       0x6c Src/system_stm32f4xx.o
                0x000000000800af48                SystemInit
 .text.MX_TIM1_Init
                0x000000000800afb4       0xa0 Src/tim.o
                0x000000000800afb4                MX_TIM1_Init
 .text.HAL_TIM_Base_MspInit
                0x000000000800b054       0x44 Src/tim.o
                0x000000000800b054                HAL_TIM_Base_MspInit
 .text.MX_USART1_UART_Init
                0x000000000800b098       0x54 Src/usart.o
                0x000000000800b098                MX_USART1_UART_Init
 .text.HAL_UART_MspInit
                0x000000000800b0ec       0x90 Src/usart.o
                0x000000000800b0ec                HAL_UART_MspInit
 .text.MX_USB_HOST_Init
                0x000000000800b17c       0x4c Src/usb_host.o
                0x000000000800b17c                MX_USB_HOST_Init
 .text.USBH_UserProcess
                0x000000000800b1c8       0x5c Src/usb_host.o
 .text.HAL_HCD_MspInit
                0x000000000800b224       0xbc Src/usbh_conf.o
                0x000000000800b224                HAL_HCD_MspInit
 .text.HAL_HCD_SOF_Callback
                0x000000000800b2e0       0x1c Src/usbh_conf.o
                0x000000000800b2e0                HAL_HCD_SOF_Callback
 .text.HAL_HCD_Connect_Callback
                0x000000000800b2fc       0x1c Src/usbh_conf.o
                0x000000000800b2fc                HAL_HCD_Connect_Callback
 .text.HAL_HCD_Disconnect_Callback
                0x000000000800b318       0x1c Src/usbh_conf.o
                0x000000000800b318                HAL_HCD_Disconnect_Callback
 .text.HAL_HCD_HC_NotifyURBChange_Callback
                0x000000000800b334       0x24 Src/usbh_conf.o
                0x000000000800b334                HAL_HCD_HC_NotifyURBChange_Callback
 .text.HAL_HCD_PortEnabled_Callback
                0x000000000800b358       0x1c Src/usbh_conf.o
                0x000000000800b358                HAL_HCD_PortEnabled_Callback
 .text.HAL_HCD_PortDisabled_Callback
                0x000000000800b374       0x1c Src/usbh_conf.o
                0x000000000800b374                HAL_HCD_PortDisabled_Callback
 .text.USBH_LL_Init
                0x000000000800b390       0x8c Src/usbh_conf.o
                0x000000000800b390                USBH_LL_Init
 .text.USBH_LL_Start
                0x000000000800b41c       0x36 Src/usbh_conf.o
                0x000000000800b41c                USBH_LL_Start
 .text.USBH_LL_Stop
                0x000000000800b452       0x36 Src/usbh_conf.o
                0x000000000800b452                USBH_LL_Stop
 .text.USBH_LL_GetSpeed
                0x000000000800b488       0x4a Src/usbh_conf.o
                0x000000000800b488                USBH_LL_GetSpeed
 .text.USBH_LL_ResetPort
                0x000000000800b4d2       0x36 Src/usbh_conf.o
                0x000000000800b4d2                USBH_LL_ResetPort
 .text.USBH_LL_GetLastXferSize
                0x000000000800b508       0x26 Src/usbh_conf.o
                0x000000000800b508                USBH_LL_GetLastXferSize
 .text.USBH_LL_OpenPipe
                0x000000000800b52e       0x5e Src/usbh_conf.o
                0x000000000800b52e                USBH_LL_OpenPipe
 .text.USBH_LL_ClosePipe
                0x000000000800b58c       0x3e Src/usbh_conf.o
                0x000000000800b58c                USBH_LL_ClosePipe
 .text.USBH_LL_SubmitURB
                0x000000000800b5ca       0x62 Src/usbh_conf.o
                0x000000000800b5ca                USBH_LL_SubmitURB
 .text.USBH_LL_GetURBState
                0x000000000800b62c       0x26 Src/usbh_conf.o
                0x000000000800b62c                USBH_LL_GetURBState
 .text.USBH_LL_DriverVBUS
                0x000000000800b652       0x2e Src/usbh_conf.o
                0x000000000800b652                USBH_LL_DriverVBUS
 .text.USBH_LL_SetToggle
                0x000000000800b680       0x66 Src/usbh_conf.o
                0x000000000800b680                USBH_LL_SetToggle
 .text.USBH_Delay
                0x000000000800b6e6       0x16 Src/usbh_conf.o
                0x000000000800b6e6                USBH_Delay
 .text.USBH_Get_USB_Status
                0x000000000800b6fc       0x58 Src/usbh_conf.o
                0x000000000800b6fc                USBH_Get_USB_Status
 .text.MX_DriverVbusHS
                0x000000000800b754       0x38 Src/usbh_platform.o
                0x000000000800b754                MX_DriverVbusHS
 .text.Reset_Handler
                0x000000000800b78c       0x50 Startup/startup_stm32f429zitx.o
                0x000000000800b78c                Reset_Handler
 .text.Default_Handler
                0x000000000800b7dc        0x2 Startup/startup_stm32f429zitx.o
                0x000000000800b7dc                RTC_Alarm_IRQHandler
                0x000000000800b7dc                HASH_RNG_IRQHandler
                0x000000000800b7dc                EXTI2_IRQHandler
                0x000000000800b7dc                TIM8_CC_IRQHandler
                0x000000000800b7dc                UART8_IRQHandler
                0x000000000800b7dc                SPI4_IRQHandler
                0x000000000800b7dc                TIM1_CC_IRQHandler
                0x000000000800b7dc                DMA2_Stream5_IRQHandler
                0x000000000800b7dc                DMA1_Stream5_IRQHandler
                0x000000000800b7dc                PVD_IRQHandler
                0x000000000800b7dc                SDIO_IRQHandler
                0x000000000800b7dc                TAMP_STAMP_IRQHandler
                0x000000000800b7dc                CAN2_RX1_IRQHandler
                0x000000000800b7dc                EXTI3_IRQHandler
                0x000000000800b7dc                TIM8_TRG_COM_TIM14_IRQHandler
                0x000000000800b7dc                TIM1_UP_TIM10_IRQHandler
                0x000000000800b7dc                TIM8_UP_TIM13_IRQHandler
                0x000000000800b7dc                I2C3_ER_IRQHandler
                0x000000000800b7dc                EXTI0_IRQHandler
                0x000000000800b7dc                I2C2_EV_IRQHandler
                0x000000000800b7dc                DMA1_Stream2_IRQHandler
                0x000000000800b7dc                CAN1_RX0_IRQHandler
                0x000000000800b7dc                FPU_IRQHandler
                0x000000000800b7dc                OTG_HS_WKUP_IRQHandler
                0x000000000800b7dc                LTDC_ER_IRQHandler
                0x000000000800b7dc                CAN2_SCE_IRQHandler
                0x000000000800b7dc                DMA2_Stream2_IRQHandler
                0x000000000800b7dc                SPI1_IRQHandler
                0x000000000800b7dc                TIM1_BRK_TIM9_IRQHandler
                0x000000000800b7dc                DCMI_IRQHandler
                0x000000000800b7dc                CAN2_RX0_IRQHandler
                0x000000000800b7dc                DMA2_Stream3_IRQHandler
                0x000000000800b7dc                USART6_IRQHandler
                0x000000000800b7dc                USART3_IRQHandler
                0x000000000800b7dc                CAN1_RX1_IRQHandler
                0x000000000800b7dc                UART5_IRQHandler
                0x000000000800b7dc                DMA2_Stream0_IRQHandler
                0x000000000800b7dc                TIM4_IRQHandler
                0x000000000800b7dc                I2C1_EV_IRQHandler
                0x000000000800b7dc                DMA1_Stream6_IRQHandler
                0x000000000800b7dc                DMA1_Stream1_IRQHandler
                0x000000000800b7dc                UART4_IRQHandler
                0x000000000800b7dc                TIM3_IRQHandler
                0x000000000800b7dc                RCC_IRQHandler
                0x000000000800b7dc                TIM8_BRK_TIM12_IRQHandler
                0x000000000800b7dc                Default_Handler
                0x000000000800b7dc                EXTI15_10_IRQHandler
                0x000000000800b7dc                ADC_IRQHandler
                0x000000000800b7dc                DMA1_Stream7_IRQHandler
                0x000000000800b7dc                SPI5_IRQHandler
                0x000000000800b7dc                TIM7_IRQHandler
                0x000000000800b7dc                CAN2_TX_IRQHandler
                0x000000000800b7dc                TIM5_IRQHandler
                0x000000000800b7dc                DMA2_Stream7_IRQHandler
                0x000000000800b7dc                I2C3_EV_IRQHandler
                0x000000000800b7dc                EXTI9_5_IRQHandler
                0x000000000800b7dc                RTC_WKUP_IRQHandler
                0x000000000800b7dc                ETH_WKUP_IRQHandler
                0x000000000800b7dc                SPI2_IRQHandler
                0x000000000800b7dc                OTG_HS_EP1_IN_IRQHandler
                0x000000000800b7dc                DMA1_Stream0_IRQHandler
                0x000000000800b7dc                CAN1_TX_IRQHandler
                0x000000000800b7dc                EXTI4_IRQHandler
                0x000000000800b7dc                ETH_IRQHandler
                0x000000000800b7dc                OTG_HS_EP1_OUT_IRQHandler
                0x000000000800b7dc                WWDG_IRQHandler
                0x000000000800b7dc                SPI6_IRQHandler
                0x000000000800b7dc                TIM2_IRQHandler
                0x000000000800b7dc                OTG_FS_WKUP_IRQHandler
                0x000000000800b7dc                TIM1_TRG_COM_TIM11_IRQHandler
                0x000000000800b7dc                EXTI1_IRQHandler
                0x000000000800b7dc                UART7_IRQHandler
                0x000000000800b7dc                USART2_IRQHandler
                0x000000000800b7dc                I2C2_ER_IRQHandler
                0x000000000800b7dc                DMA2_Stream1_IRQHandler
                0x000000000800b7dc                CAN1_SCE_IRQHandler
                0x000000000800b7dc                FLASH_IRQHandler
                0x000000000800b7dc                DMA2_Stream4_IRQHandler
                0x000000000800b7dc                USART1_IRQHandler
                0x000000000800b7dc                OTG_FS_IRQHandler
                0x000000000800b7dc                SPI3_IRQHandler
                0x000000000800b7dc                DMA1_Stream4_IRQHandler
                0x000000000800b7dc                I2C1_ER_IRQHandler
                0x000000000800b7dc                FMC_IRQHandler
                0x000000000800b7dc                DMA2_Stream6_IRQHandler
                0x000000000800b7dc                SAI1_IRQHandler
                0x000000000800b7dc                DMA1_Stream3_IRQHandler
 *fill*         0x000000000800b7de        0x2 
 .text.__errno  0x000000000800b7e0        0xc d:/st/stm32cubeide_1.0.1/stm32cubeide/plugins/com.st.stm32cube.ide.mcu.externaltools.gnu-tools-for-stm32.7-2018-q2-update.win32_1.0.0.201904181610/tools/bin/../lib/gcc/arm-none-eabi/7.3.1/../../../../arm-none-eabi/lib/thumb/v7e-m/fpv4-sp/hard\libc_nano.a(lib_a-errno.o)
                0x000000000800b7e0                __errno
 .text.__libc_init_array
                0x000000000800b7ec       0x48 d:/st/stm32cubeide_1.0.1/stm32cubeide/plugins/com.st.stm32cube.ide.mcu.externaltools.gnu-tools-for-stm32.7-2018-q2-update.win32_1.0.0.201904181610/tools/bin/../lib/gcc/arm-none-eabi/7.3.1/../../../../arm-none-eabi/lib/thumb/v7e-m/fpv4-sp/hard\libc_nano.a(lib_a-init.o)
                0x000000000800b7ec                __libc_init_array
 .text.malloc   0x000000000800b834       0x10 d:/st/stm32cubeide_1.0.1/stm32cubeide/plugins/com.st.stm32cube.ide.mcu.externaltools.gnu-tools-for-stm32.7-2018-q2-update.win32_1.0.0.201904181610/tools/bin/../lib/gcc/arm-none-eabi/7.3.1/../../../../arm-none-eabi/lib/thumb/v7e-m/fpv4-sp/hard\libc_nano.a(lib_a-malloc.o)
                0x000000000800b834                malloc
 .text.free     0x000000000800b844       0x10 d:/st/stm32cubeide_1.0.1/stm32cubeide/plugins/com.st.stm32cube.ide.mcu.externaltools.gnu-tools-for-stm32.7-2018-q2-update.win32_1.0.0.201904181610/tools/bin/../lib/gcc/arm-none-eabi/7.3.1/../../../../arm-none-eabi/lib/thumb/v7e-m/fpv4-sp/hard\libc_nano.a(lib_a-malloc.o)
                0x000000000800b844                free
 .text.memcpy   0x000000000800b854       0x16 d:/st/stm32cubeide_1.0.1/stm32cubeide/plugins/com.st.stm32cube.ide.mcu.externaltools.gnu-tools-for-stm32.7-2018-q2-update.win32_1.0.0.201904181610/tools/bin/../lib/gcc/arm-none-eabi/7.3.1/../../../../arm-none-eabi/lib/thumb/v7e-m/fpv4-sp/hard\libc_nano.a(lib_a-memcpy-stub.o)
                0x000000000800b854                memcpy
 .text.memset   0x000000000800b86a       0x10 d:/st/stm32cubeide_1.0.1/stm32cubeide/plugins/com.st.stm32cube.ide.mcu.externaltools.gnu-tools-for-stm32.7-2018-q2-update.win32_1.0.0.201904181610/tools/bin/../lib/gcc/arm-none-eabi/7.3.1/../../../../arm-none-eabi/lib/thumb/v7e-m/fpv4-sp/hard\libc_nano.a(lib_a-memset.o)
                0x000000000800b86a                memset
 *fill*         0x000000000800b87a        0x2 
 .text._free_r  0x000000000800b87c       0x9c d:/st/stm32cubeide_1.0.1/stm32cubeide/plugins/com.st.stm32cube.ide.mcu.externaltools.gnu-tools-for-stm32.7-2018-q2-update.win32_1.0.0.201904181610/tools/bin/../lib/gcc/arm-none-eabi/7.3.1/../../../../arm-none-eabi/lib/thumb/v7e-m/fpv4-sp/hard\libc_nano.a(lib_a-nano-freer.o)
                0x000000000800b87c                _free_r
 .text._malloc_r
                0x000000000800b918       0xb4 d:/st/stm32cubeide_1.0.1/stm32cubeide/plugins/com.st.stm32cube.ide.mcu.externaltools.gnu-tools-for-stm32.7-2018-q2-update.win32_1.0.0.201904181610/tools/bin/../lib/gcc/arm-none-eabi/7.3.1/../../../../arm-none-eabi/lib/thumb/v7e-m/fpv4-sp/hard\libc_nano.a(lib_a-nano-mallocr.o)
                0x000000000800b918                _malloc_r
 .text._sbrk_r  0x000000000800b9cc       0x20 d:/st/stm32cubeide_1.0.1/stm32cubeide/plugins/com.st.stm32cube.ide.mcu.externaltools.gnu-tools-for-stm32.7-2018-q2-update.win32_1.0.0.201904181610/tools/bin/../lib/gcc/arm-none-eabi/7.3.1/../../../../arm-none-eabi/lib/thumb/v7e-m/fpv4-sp/hard\libc_nano.a(lib_a-sbrkr.o)
                0x000000000800b9cc                _sbrk_r
 .text.__malloc_lock
                0x000000000800b9ec        0x2 d:/st/stm32cubeide_1.0.1/stm32cubeide/plugins/com.st.stm32cube.ide.mcu.externaltools.gnu-tools-for-stm32.7-2018-q2-update.win32_1.0.0.201904181610/tools/bin/../lib/gcc/arm-none-eabi/7.3.1/../../../../arm-none-eabi/lib/thumb/v7e-m/fpv4-sp/hard\libc_nano.a(lib_a-mlock.o)
                0x000000000800b9ec                __malloc_lock
 .text.__malloc_unlock
                0x000000000800b9ee        0x2 d:/st/stm32cubeide_1.0.1/stm32cubeide/plugins/com.st.stm32cube.ide.mcu.externaltools.gnu-tools-for-stm32.7-2018-q2-update.win32_1.0.0.201904181610/tools/bin/../lib/gcc/arm-none-eabi/7.3.1/../../../../arm-none-eabi/lib/thumb/v7e-m/fpv4-sp/hard\libc_nano.a(lib_a-mlock.o)
                0x000000000800b9ee                __malloc_unlock
 *(.glue_7)
 .glue_7        0x000000000800b9f0        0x0 linker stubs
 *(.glue_7t)
 .glue_7t       0x000000000800b9f0        0x0 linker stubs
 *(.eh_frame)
 .eh_frame      0x000000000800b9f0        0x0 d:/st/stm32cubeide_1.0.1/stm32cubeide/plugins/com.st.stm32cube.ide.mcu.externaltools.gnu-tools-for-stm32.7-2018-q2-update.win32_1.0.0.201904181610/tools/bin/../lib/gcc/arm-none-eabi/7.3.1/thumb/v7e-m/fpv4-sp/hard/crtbegin.o
 *(.init)
 .init          0x000000000800b9f0        0x4 d:/st/stm32cubeide_1.0.1/stm32cubeide/plugins/com.st.stm32cube.ide.mcu.externaltools.gnu-tools-for-stm32.7-2018-q2-update.win32_1.0.0.201904181610/tools/bin/../lib/gcc/arm-none-eabi/7.3.1/thumb/v7e-m/fpv4-sp/hard/crti.o
                0x000000000800b9f0                _init
 .init          0x000000000800b9f4        0x8 d:/st/stm32cubeide_1.0.1/stm32cubeide/plugins/com.st.stm32cube.ide.mcu.externaltools.gnu-tools-for-stm32.7-2018-q2-update.win32_1.0.0.201904181610/tools/bin/../lib/gcc/arm-none-eabi/7.3.1/thumb/v7e-m/fpv4-sp/hard/crtn.o
 *(.fini)
 .fini          0x000000000800b9fc        0x4 d:/st/stm32cubeide_1.0.1/stm32cubeide/plugins/com.st.stm32cube.ide.mcu.externaltools.gnu-tools-for-stm32.7-2018-q2-update.win32_1.0.0.201904181610/tools/bin/../lib/gcc/arm-none-eabi/7.3.1/thumb/v7e-m/fpv4-sp/hard/crti.o
                0x000000000800b9fc                _fini
 .fini          0x000000000800ba00        0x8 d:/st/stm32cubeide_1.0.1/stm32cubeide/plugins/com.st.stm32cube.ide.mcu.externaltools.gnu-tools-for-stm32.7-2018-q2-update.win32_1.0.0.201904181610/tools/bin/../lib/gcc/arm-none-eabi/7.3.1/thumb/v7e-m/fpv4-sp/hard/crtn.o
                0x000000000800ba08                . = ALIGN (0x4)
                0x000000000800ba08                _etext = .

.vfp11_veneer   0x000000000800ba08        0x0
 .vfp11_veneer  0x000000000800ba08        0x0 linker stubs

.v4_bx          0x000000000800ba08        0x0
 .v4_bx         0x000000000800ba08        0x0 linker stubs

.iplt           0x000000000800ba08        0x0
 .iplt          0x000000000800ba08        0x0 d:/st/stm32cubeide_1.0.1/stm32cubeide/plugins/com.st.stm32cube.ide.mcu.externaltools.gnu-tools-for-stm32.7-2018-q2-update.win32_1.0.0.201904181610/tools/bin/../lib/gcc/arm-none-eabi/7.3.1/thumb/v7e-m/fpv4-sp/hard/crtbegin.o

.rodata         0x000000000800ba08       0x84
                0x000000000800ba08                . = ALIGN (0x4)
 *(.rodata)
 .rodata        0x000000000800ba08        0x4 Middlewares/ST/STM32_USB_Host_Library/Class/CDC/Src/usbh_cdc.o
 .rodata        0x000000000800ba0c       0x38 Middlewares/ST/STM32_USB_Host_Library/Core/Src/usbh_core.o
 .rodata        0x000000000800ba44        0x5 Middlewares/Third_Party/FreeRTOS/Source/tasks.o
 *fill*         0x000000000800ba49        0x3 
 .rodata        0x000000000800ba4c       0x28 Src/freertos.o
 *(.rodata*)
 .rodata.AHBPrescTable
                0x000000000800ba74       0x10 Src/system_stm32f4xx.o
                0x000000000800ba74                AHBPrescTable
 .rodata.APBPrescTable
                0x000000000800ba84        0x8 Src/system_stm32f4xx.o
                0x000000000800ba84                APBPrescTable
                0x000000000800ba8c                . = ALIGN (0x4)

.ARM.extab      0x000000000800ba8c        0x0
                0x000000000800ba8c                . = ALIGN (0x4)
 *(.ARM.extab* .gnu.linkonce.armextab.*)
                0x000000000800ba8c                . = ALIGN (0x4)

.ARM            0x000000000800ba8c        0x8
                0x000000000800ba8c                . = ALIGN (0x4)
                0x000000000800ba8c                __exidx_start = .
 *(.ARM.exidx*)
 .ARM.exidx     0x000000000800ba8c        0x8 d:/st/stm32cubeide_1.0.1/stm32cubeide/plugins/com.st.stm32cube.ide.mcu.externaltools.gnu-tools-for-stm32.7-2018-q2-update.win32_1.0.0.201904181610/tools/bin/../lib/gcc/arm-none-eabi/7.3.1/thumb/v7e-m/fpv4-sp/hard\libgcc.a(_udivmoddi4.o)
                0x000000000800ba94                __exidx_end = .
                0x000000000800ba94                . = ALIGN (0x4)

.rel.dyn        0x000000000800ba94        0x0
 .rel.iplt      0x000000000800ba94        0x0 d:/st/stm32cubeide_1.0.1/stm32cubeide/plugins/com.st.stm32cube.ide.mcu.externaltools.gnu-tools-for-stm32.7-2018-q2-update.win32_1.0.0.201904181610/tools/bin/../lib/gcc/arm-none-eabi/7.3.1/thumb/v7e-m/fpv4-sp/hard/crtbegin.o

.preinit_array  0x000000000800ba94        0x0
                0x000000000800ba94                . = ALIGN (0x4)
                0x000000000800ba94                PROVIDE (__preinit_array_start = .)
 *(.preinit_array*)
                0x000000000800ba94                PROVIDE (__preinit_array_end = .)
                0x000000000800ba94                . = ALIGN (0x4)

.init_array     0x000000000800ba94        0x4
                0x000000000800ba94                . = ALIGN (0x4)
                0x000000000800ba94                PROVIDE (__init_array_start = .)
 *(SORT_BY_NAME(.init_array.*))
 *(.init_array*)
 .init_array    0x000000000800ba94        0x4 d:/st/stm32cubeide_1.0.1/stm32cubeide/plugins/com.st.stm32cube.ide.mcu.externaltools.gnu-tools-for-stm32.7-2018-q2-update.win32_1.0.0.201904181610/tools/bin/../lib/gcc/arm-none-eabi/7.3.1/thumb/v7e-m/fpv4-sp/hard/crtbegin.o
                0x000000000800ba98                PROVIDE (__init_array_end = .)
                0x000000000800ba98                . = ALIGN (0x4)

.fini_array     0x000000000800ba98        0x4
                0x000000000800ba98                . = ALIGN (0x4)
                [!provide]                        PROVIDE (__fini_array_start = .)
 *(SORT_BY_NAME(.fini_array.*))
 *(.fini_array*)
 .fini_array    0x000000000800ba98        0x4 d:/st/stm32cubeide_1.0.1/stm32cubeide/plugins/com.st.stm32cube.ide.mcu.externaltools.gnu-tools-for-stm32.7-2018-q2-update.win32_1.0.0.201904181610/tools/bin/../lib/gcc/arm-none-eabi/7.3.1/thumb/v7e-m/fpv4-sp/hard/crtbegin.o
                [!provide]                        PROVIDE (__fini_array_end = .)
                0x000000000800ba9c                . = ALIGN (0x4)
                0x000000000800ba9c                _sidata = LOADADDR (.data)

.data           0x0000000020000000       0x90 load address 0x000000000800ba9c
                0x0000000020000000                . = ALIGN (0x4)
                0x0000000020000000                _sdata = .
 *(.data)
 *(.data*)
 .data.uwTickFreq
                0x0000000020000000        0x1 Drivers/STM32F4xx_HAL_Driver/Src/stm32f4xx_hal.o
                0x0000000020000000                uwTickFreq
 *fill*         0x0000000020000001        0x3 
 .data.CDC_Class
                0x0000000020000004       0x20 Middlewares/ST/STM32_USB_Host_Library/Class/CDC/Src/usbh_cdc.o
                0x0000000020000004                CDC_Class
 .data.uxCriticalNesting
                0x0000000020000024        0x4 Middlewares/Third_Party/FreeRTOS/Source/portable/GCC/ARM_CM4F/port.o
 .data.SystemCoreClock
                0x0000000020000028        0x4 Src/system_stm32f4xx.o
                0x0000000020000028                SystemCoreClock
 .data._impure_ptr
                0x000000002000002c        0x4 d:/st/stm32cubeide_1.0.1/stm32cubeide/plugins/com.st.stm32cube.ide.mcu.externaltools.gnu-tools-for-stm32.7-2018-q2-update.win32_1.0.0.201904181610/tools/bin/../lib/gcc/arm-none-eabi/7.3.1/../../../../arm-none-eabi/lib/thumb/v7e-m/fpv4-sp/hard\libc_nano.a(lib_a-impure.o)
                0x000000002000002c                _impure_ptr
 .data.impure_data
                0x0000000020000030       0x60 d:/st/stm32cubeide_1.0.1/stm32cubeide/plugins/com.st.stm32cube.ide.mcu.externaltools.gnu-tools-for-stm32.7-2018-q2-update.win32_1.0.0.201904181610/tools/bin/../lib/gcc/arm-none-eabi/7.3.1/../../../../arm-none-eabi/lib/thumb/v7e-m/fpv4-sp/hard\libc_nano.a(lib_a-impure.o)
                0x0000000020000090                . = ALIGN (0x4)
                0x0000000020000090                _edata = .

.igot.plt       0x0000000020000090        0x0 load address 0x000000000800bb2c
 .igot.plt      0x0000000020000090        0x0 d:/st/stm32cubeide_1.0.1/stm32cubeide/plugins/com.st.stm32cube.ide.mcu.externaltools.gnu-tools-for-stm32.7-2018-q2-update.win32_1.0.0.201904181610/tools/bin/../lib/gcc/arm-none-eabi/7.3.1/thumb/v7e-m/fpv4-sp/hard/crtbegin.o
                0x0000000020000090                . = ALIGN (0x4)

.bss            0x0000000020000090     0x8d10 load address 0x000000000800bb2c
                0x0000000020000090                _sbss = .
                0x0000000020000090                __bss_start__ = _sbss
 *(.bss)
 .bss           0x0000000020000090       0x1c d:/st/stm32cubeide_1.0.1/stm32cubeide/plugins/com.st.stm32cube.ide.mcu.externaltools.gnu-tools-for-stm32.7-2018-q2-update.win32_1.0.0.201904181610/tools/bin/../lib/gcc/arm-none-eabi/7.3.1/thumb/v7e-m/fpv4-sp/hard/crtbegin.o
 *(.bss*)
 .bss.tmpreg.9671
                0x00000000200000ac        0x4 Drivers/STM32F4xx_HAL_Driver/Src/stm32f4xx_ll_usb.o
 .bss.pxCurrentTCB
                0x00000000200000b0        0x4 Middlewares/Third_Party/FreeRTOS/Source/tasks.o
                0x00000000200000b0                pxCurrentTCB
 .bss.pxReadyTasksLists
                0x00000000200000b4       0x8c Middlewares/Third_Party/FreeRTOS/Source/tasks.o
 .bss.xDelayedTaskList1
                0x0000000020000140       0x14 Middlewares/Third_Party/FreeRTOS/Source/tasks.o
 .bss.xDelayedTaskList2
                0x0000000020000154       0x14 Middlewares/Third_Party/FreeRTOS/Source/tasks.o
 .bss.pxDelayedTaskList
                0x0000000020000168        0x4 Middlewares/Third_Party/FreeRTOS/Source/tasks.o
 .bss.pxOverflowDelayedTaskList
                0x000000002000016c        0x4 Middlewares/Third_Party/FreeRTOS/Source/tasks.o
 .bss.xPendingReadyList
                0x0000000020000170       0x14 Middlewares/Third_Party/FreeRTOS/Source/tasks.o
 .bss.xTasksWaitingTermination
                0x0000000020000184       0x14 Middlewares/Third_Party/FreeRTOS/Source/tasks.o
 .bss.uxDeletedTasksWaitingCleanUp
                0x0000000020000198        0x4 Middlewares/Third_Party/FreeRTOS/Source/tasks.o
 .bss.xSuspendedTaskList
                0x000000002000019c       0x14 Middlewares/Third_Party/FreeRTOS/Source/tasks.o
 .bss.uxCurrentNumberOfTasks
                0x00000000200001b0        0x4 Middlewares/Third_Party/FreeRTOS/Source/tasks.o
 .bss.xTickCount
                0x00000000200001b4        0x4 Middlewares/Third_Party/FreeRTOS/Source/tasks.o
 .bss.uxTopReadyPriority
                0x00000000200001b8        0x4 Middlewares/Third_Party/FreeRTOS/Source/tasks.o
 .bss.xSchedulerRunning
                0x00000000200001bc        0x4 Middlewares/Third_Party/FreeRTOS/Source/tasks.o
 .bss.uxPendedTicks
                0x00000000200001c0        0x4 Middlewares/Third_Party/FreeRTOS/Source/tasks.o
 .bss.xYieldPending
                0x00000000200001c4        0x4 Middlewares/Third_Party/FreeRTOS/Source/tasks.o
 .bss.xNumOfOverflows
                0x00000000200001c8        0x4 Middlewares/Third_Party/FreeRTOS/Source/tasks.o
 .bss.uxTaskNumber
                0x00000000200001cc        0x4 Middlewares/Third_Party/FreeRTOS/Source/tasks.o
 .bss.xNextTaskUnblockTime
                0x00000000200001d0        0x4 Middlewares/Third_Party/FreeRTOS/Source/tasks.o
 .bss.xIdleTaskHandle
                0x00000000200001d4        0x4 Middlewares/Third_Party/FreeRTOS/Source/tasks.o
 .bss.uxSchedulerSuspended
                0x00000000200001d8        0x4 Middlewares/Third_Party/FreeRTOS/Source/tasks.o
 .bss.ucMaxSysCallPriority
                0x00000000200001dc        0x1 Middlewares/Third_Party/FreeRTOS/Source/portable/GCC/ARM_CM4F/port.o
 *fill*         0x00000000200001dd        0x3 
 .bss.ulMaxPRIGROUPValue
                0x00000000200001e0        0x4 Middlewares/Third_Party/FreeRTOS/Source/portable/GCC/ARM_CM4F/port.o
 .bss.ucHeap    0x00000000200001e4     0x8000 Middlewares/Third_Party/FreeRTOS/Source/portable/MemMang/heap_4.o
 .bss.xStart    0x00000000200081e4        0x8 Middlewares/Third_Party/FreeRTOS/Source/portable/MemMang/heap_4.o
 .bss.pxEnd     0x00000000200081ec        0x4 Middlewares/Third_Party/FreeRTOS/Source/portable/MemMang/heap_4.o
 .bss.xFreeBytesRemaining
                0x00000000200081f0        0x4 Middlewares/Third_Party/FreeRTOS/Source/portable/MemMang/heap_4.o
 .bss.xMinimumEverFreeBytesRemaining
                0x00000000200081f4        0x4 Middlewares/Third_Party/FreeRTOS/Source/portable/MemMang/heap_4.o
 .bss.xBlockAllocatedBit
                0x00000000200081f8        0x4 Middlewares/Third_Party/FreeRTOS/Source/portable/MemMang/heap_4.o
 .bss.FMC_Initialized
                0x00000000200081fc        0x4 Src/fmc.o
 .bss.xIdleTaskTCBBuffer
                0x0000000020008200       0x58 Src/freertos.o
 .bss.xIdleStack
                0x0000000020008258      0x200 Src/freertos.o
 .bss.heap_end.6424
                0x0000000020008458        0x4 Src/sysmem.o
 .bss.Appli_state
                0x000000002000845c        0x1 Src/usb_host.o
                0x000000002000845c                Appli_state
 *fill*         0x000000002000845d        0x3 
 .bss.__malloc_free_list
                0x0000000020008460        0x4 d:/st/stm32cubeide_1.0.1/stm32cubeide/plugins/com.st.stm32cube.ide.mcu.externaltools.gnu-tools-for-stm32.7-2018-q2-update.win32_1.0.0.201904181610/tools/bin/../lib/gcc/arm-none-eabi/7.3.1/../../../../arm-none-eabi/lib/thumb/v7e-m/fpv4-sp/hard\libc_nano.a(lib_a-nano-mallocr.o)
                0x0000000020008460                __malloc_free_list
 .bss.__malloc_sbrk_start
                0x0000000020008464        0x4 d:/st/stm32cubeide_1.0.1/stm32cubeide/plugins/com.st.stm32cube.ide.mcu.externaltools.gnu-tools-for-stm32.7-2018-q2-update.win32_1.0.0.201904181610/tools/bin/../lib/gcc/arm-none-eabi/7.3.1/../../../../arm-none-eabi/lib/thumb/v7e-m/fpv4-sp/hard\libc_nano.a(lib_a-nano-mallocr.o)
                0x0000000020008464                __malloc_sbrk_start
 *(COMMON)
 COMMON         0x0000000020008468        0x4 Drivers/STM32F4xx_HAL_Driver/Src/stm32f4xx_hal.o
                0x0000000020008468                uwTick
 COMMON         0x000000002000846c        0x8 Src/crc.o
                0x000000002000846c                hcrc
 COMMON         0x0000000020008474       0x40 Src/dma2d.o
                0x0000000020008474                hdma2d
 COMMON         0x00000000200084b4       0x34 Src/fmc.o
                0x00000000200084b4                hsdram1
 COMMON         0x00000000200084e8        0x4 Src/freertos.o
                0x00000000200084e8                defaultTaskHandle
 COMMON         0x00000000200084ec       0x54 Src/i2c.o
                0x00000000200084ec                hi2c3
 COMMON         0x0000000020008540       0xa8 Src/ltdc.o
                0x0000000020008540                hltdc
 COMMON         0x00000000200085e8       0x58 Src/spi.o
                0x00000000200085e8                hspi5
 COMMON         0x0000000020008640       0x40 Src/stm32f4xx_hal_timebase_tim.o
                0x0000000020008640                htim6
 COMMON         0x0000000020008680       0x40 Src/tim.o
                0x0000000020008680                htim1
 COMMON         0x00000000200086c0       0x40 Src/usart.o
                0x00000000200086c0                huart1
 COMMON         0x0000000020008700      0x3d8 Src/usb_host.o
                0x0000000020008700                hUsbHostHS
 COMMON         0x0000000020008ad8      0x2c4 Src/usbh_conf.o
                0x0000000020008ad8                hhcd_USB_OTG_HS
 COMMON         0x0000000020008d9c        0x4 d:/st/stm32cubeide_1.0.1/stm32cubeide/plugins/com.st.stm32cube.ide.mcu.externaltools.gnu-tools-for-stm32.7-2018-q2-update.win32_1.0.0.201904181610/tools/bin/../lib/gcc/arm-none-eabi/7.3.1/../../../../arm-none-eabi/lib/thumb/v7e-m/fpv4-sp/hard\libc_nano.a(lib_a-reent.o)
                0x0000000020008d9c                errno
                0x0000000020008da0                . = ALIGN (0x4)
                0x0000000020008da0                _ebss = .
                0x0000000020008da0                __bss_end__ = _ebss

._user_heap_stack
                0x0000000020008da0      0x600 load address 0x000000000800bb2c
                0x0000000020008da0                . = ALIGN (0x8)
                0x0000000020008da0                PROVIDE (end = .)
                [!provide]                        PROVIDE (_end = .)
                0x0000000020008fa0                . = (. + _Min_Heap_Size)
 *fill*         0x0000000020008da0      0x200 
                0x00000000200093a0                . = (. + _Min_Stack_Size)
 *fill*         0x0000000020008fa0      0x400 
                0x00000000200093a0                . = ALIGN (0x8)

/DISCARD/
 libc.a(*)
 libm.a(*)
 libgcc.a(*)

.ARM.attributes
                0x0000000000000000       0x30
 *(.ARM.attributes)
 .ARM.attributes
                0x0000000000000000       0x22 d:/st/stm32cubeide_1.0.1/stm32cubeide/plugins/com.st.stm32cube.ide.mcu.externaltools.gnu-tools-for-stm32.7-2018-q2-update.win32_1.0.0.201904181610/tools/bin/../lib/gcc/arm-none-eabi/7.3.1/thumb/v7e-m/fpv4-sp/hard/crti.o
 .ARM.attributes
                0x0000000000000022       0x34 d:/st/stm32cubeide_1.0.1/stm32cubeide/plugins/com.st.stm32cube.ide.mcu.externaltools.gnu-tools-for-stm32.7-2018-q2-update.win32_1.0.0.201904181610/tools/bin/../lib/gcc/arm-none-eabi/7.3.1/thumb/v7e-m/fpv4-sp/hard/crtbegin.o
 .ARM.attributes
                0x0000000000000056       0x39 Drivers/STM32F4xx_HAL_Driver/Src/stm32f4xx_hal.o
 .ARM.attributes
                0x000000000000008f       0x39 Drivers/STM32F4xx_HAL_Driver/Src/stm32f4xx_hal_cortex.o
 .ARM.attributes
                0x00000000000000c8       0x39 Drivers/STM32F4xx_HAL_Driver/Src/stm32f4xx_hal_crc.o
 .ARM.attributes
                0x0000000000000101       0x39 Drivers/STM32F4xx_HAL_Driver/Src/stm32f4xx_hal_dma2d.o
 .ARM.attributes
                0x000000000000013a       0x39 Drivers/STM32F4xx_HAL_Driver/Src/stm32f4xx_hal_gpio.o
 .ARM.attributes
                0x0000000000000173       0x39 Drivers/STM32F4xx_HAL_Driver/Src/stm32f4xx_hal_hcd.o
 .ARM.attributes
                0x00000000000001ac       0x39 Drivers/STM32F4xx_HAL_Driver/Src/stm32f4xx_hal_i2c.o
 .ARM.attributes
                0x00000000000001e5       0x39 Drivers/STM32F4xx_HAL_Driver/Src/stm32f4xx_hal_i2c_ex.o
 .ARM.attributes
                0x000000000000021e       0x39 Drivers/STM32F4xx_HAL_Driver/Src/stm32f4xx_hal_ltdc.o
 .ARM.attributes
                0x0000000000000257       0x39 Drivers/STM32F4xx_HAL_Driver/Src/stm32f4xx_hal_rcc.o
 .ARM.attributes
                0x0000000000000290       0x39 Drivers/STM32F4xx_HAL_Driver/Src/stm32f4xx_hal_rcc_ex.o
 .ARM.attributes
                0x00000000000002c9       0x39 Drivers/STM32F4xx_HAL_Driver/Src/stm32f4xx_hal_sdram.o
 .ARM.attributes
                0x0000000000000302       0x39 Drivers/STM32F4xx_HAL_Driver/Src/stm32f4xx_hal_spi.o
 .ARM.attributes
                0x000000000000033b       0x39 Drivers/STM32F4xx_HAL_Driver/Src/stm32f4xx_hal_tim.o
 .ARM.attributes
                0x0000000000000374       0x39 Drivers/STM32F4xx_HAL_Driver/Src/stm32f4xx_hal_tim_ex.o
 .ARM.attributes
                0x00000000000003ad       0x39 Drivers/STM32F4xx_HAL_Driver/Src/stm32f4xx_hal_uart.o
 .ARM.attributes
                0x00000000000003e6       0x39 Drivers/STM32F4xx_HAL_Driver/Src/stm32f4xx_ll_fmc.o
 .ARM.attributes
                0x000000000000041f       0x39 Drivers/STM32F4xx_HAL_Driver/Src/stm32f4xx_ll_usb.o
 .ARM.attributes
                0x0000000000000458       0x39 Middlewares/ST/STM32_USB_Host_Library/Class/CDC/Src/usbh_cdc.o
 .ARM.attributes
                0x0000000000000491       0x39 Middlewares/ST/STM32_USB_Host_Library/Core/Src/usbh_core.o
 .ARM.attributes
                0x00000000000004ca       0x39 Middlewares/ST/STM32_USB_Host_Library/Core/Src/usbh_ctlreq.o
 .ARM.attributes
                0x0000000000000503       0x39 Middlewares/ST/STM32_USB_Host_Library/Core/Src/usbh_ioreq.o
 .ARM.attributes
                0x000000000000053c       0x39 Middlewares/ST/STM32_USB_Host_Library/Core/Src/usbh_pipes.o
 .ARM.attributes
                0x0000000000000575       0x39 Middlewares/Third_Party/FreeRTOS/Source/CMSIS_RTOS/cmsis_os.o
 .ARM.attributes
                0x00000000000005ae       0x39 Middlewares/Third_Party/FreeRTOS/Source/list.o
 .ARM.attributes
                0x00000000000005e7       0x39 Middlewares/Third_Party/FreeRTOS/Source/queue.o
 .ARM.attributes
                0x0000000000000620       0x39 Middlewares/Third_Party/FreeRTOS/Source/tasks.o
 .ARM.attributes
                0x0000000000000659       0x39 Middlewares/Third_Party/FreeRTOS/Source/portable/GCC/ARM_CM4F/port.o
 .ARM.attributes
                0x0000000000000692       0x39 Middlewares/Third_Party/FreeRTOS/Source/portable/MemMang/heap_4.o
 .ARM.attributes
                0x00000000000006cb       0x39 Src/crc.o
 .ARM.attributes
                0x0000000000000704       0x39 Src/dma2d.o
 .ARM.attributes
                0x000000000000073d       0x39 Src/fmc.o
 .ARM.attributes
                0x0000000000000776       0x39 Src/freertos.o
 .ARM.attributes
                0x00000000000007af       0x39 Src/gpio.o
 .ARM.attributes
                0x00000000000007e8       0x39 Src/i2c.o
 .ARM.attributes
                0x0000000000000821       0x39 Src/ltdc.o
 .ARM.attributes
                0x000000000000085a       0x39 Src/main.o
 .ARM.attributes
                0x0000000000000893       0x39 Src/spi.o
 .ARM.attributes
                0x00000000000008cc       0x39 Src/stm32f4xx_hal_msp.o
 .ARM.attributes
                0x0000000000000905       0x39 Src/stm32f4xx_hal_timebase_tim.o
 .ARM.attributes
                0x000000000000093e       0x39 Src/stm32f4xx_it.o
 .ARM.attributes
                0x0000000000000977       0x39 Src/sysmem.o
 .ARM.attributes
                0x00000000000009b0       0x39 Src/system_stm32f4xx.o
 .ARM.attributes
                0x00000000000009e9       0x39 Src/tim.o
 .ARM.attributes
                0x0000000000000a22       0x39 Src/usart.o
 .ARM.attributes
                0x0000000000000a5b       0x39 Src/usb_host.o
 .ARM.attributes
                0x0000000000000a94       0x39 Src/usbh_conf.o
 .ARM.attributes
                0x0000000000000acd       0x39 Src/usbh_platform.o
 .ARM.attributes
                0x0000000000000b06       0x21 Startup/startup_stm32f429zitx.o
 .ARM.attributes
                0x0000000000000b27       0x34 d:/st/stm32cubeide_1.0.1/stm32cubeide/plugins/com.st.stm32cube.ide.mcu.externaltools.gnu-tools-for-stm32.7-2018-q2-update.win32_1.0.0.201904181610/tools/bin/../lib/gcc/arm-none-eabi/7.3.1/../../../../arm-none-eabi/lib/thumb/v7e-m/fpv4-sp/hard\libc_nano.a(lib_a-errno.o)
 .ARM.attributes
                0x0000000000000b5b       0x34 d:/st/stm32cubeide_1.0.1/stm32cubeide/plugins/com.st.stm32cube.ide.mcu.externaltools.gnu-tools-for-stm32.7-2018-q2-update.win32_1.0.0.201904181610/tools/bin/../lib/gcc/arm-none-eabi/7.3.1/../../../../arm-none-eabi/lib/thumb/v7e-m/fpv4-sp/hard\libc_nano.a(lib_a-impure.o)
 .ARM.attributes
                0x0000000000000b8f       0x34 d:/st/stm32cubeide_1.0.1/stm32cubeide/plugins/com.st.stm32cube.ide.mcu.externaltools.gnu-tools-for-stm32.7-2018-q2-update.win32_1.0.0.201904181610/tools/bin/../lib/gcc/arm-none-eabi/7.3.1/../../../../arm-none-eabi/lib/thumb/v7e-m/fpv4-sp/hard\libc_nano.a(lib_a-init.o)
 .ARM.attributes
                0x0000000000000bc3       0x34 d:/st/stm32cubeide_1.0.1/stm32cubeide/plugins/com.st.stm32cube.ide.mcu.externaltools.gnu-tools-for-stm32.7-2018-q2-update.win32_1.0.0.201904181610/tools/bin/../lib/gcc/arm-none-eabi/7.3.1/../../../../arm-none-eabi/lib/thumb/v7e-m/fpv4-sp/hard\libc_nano.a(lib_a-malloc.o)
 .ARM.attributes
                0x0000000000000bf7       0x34 d:/st/stm32cubeide_1.0.1/stm32cubeide/plugins/com.st.stm32cube.ide.mcu.externaltools.gnu-tools-for-stm32.7-2018-q2-update.win32_1.0.0.201904181610/tools/bin/../lib/gcc/arm-none-eabi/7.3.1/../../../../arm-none-eabi/lib/thumb/v7e-m/fpv4-sp/hard\libc_nano.a(lib_a-memcpy-stub.o)
 .ARM.attributes